 
****************************************
Report : area
Design : ascon_top
Version: R-2020.09-SP2
Date   : Thu Jul 10 18:19:03 2025
****************************************

Information: Updating design information... (UID-85)
Warning: Design 'ascon_top' contains 1 high-fanout nets. A fanout number of 1000 will be used for delay calculations involving these nets. (TIM-134)
Library(s) Used:

    tcbn65lplvttc (File: /software/dk/tsmc65/digital/Front_End/timing_power_noise/NLDM/tcbn65lplvt_220a/tcbn65lplvttc.db)

Number of ports:                         3159
Number of nets:                          9843
Number of cells:                         7376
Number of combinational cells:           6270
Number of sequential cells:              1094
Number of macros/black boxes:               0
Number of buf/inv:                       1019
Number of references:                      74

Combinational area:              15340.320280
Buf/Inv area:                     1159.560045
Noncombinational area:            8058.960164
Macro/Black Box area:                0.000000
Net Interconnect area:      undefined  (Wire load has zero net area)

Total cell area:                 23399.280444
Total area:                 undefined
1
