 
****************************************
check_design summary:
Version:     R-2020.09-SP2
Date:        Mon Jun  9 18:22:07 2025
****************************************

                   Name                                            Total
--------------------------------------------------------------------------------
Inputs/Outputs                                                    621
    Unconnected ports (LINT-28)                                     1
    Feedthrough (LINT-29)                                         300
    Shorted outputs (LINT-31)                                     320

Cells                                                              11
    Cells do not drive (LINT-1)                                    11
--------------------------------------------------------------------------------

Warning: In design 'ascon_top', cell 'C6966' does not drive any nets. (LINT-1)
Warning: In design 'ascon_top', cell 'C7002' does not drive any nets. (LINT-1)
Warning: In design 'fsm', cell 'C952' does not drive any nets. (LINT-1)
Warning: In design 'fsm', cell 'C961' does not drive any nets. (LINT-1)
Warning: In design 'fsm', cell 'C966' does not drive any nets. (LINT-1)
Warning: In design 'fsm', cell 'B_65' does not drive any nets. (LINT-1)
Warning: In design 'fsm', cell 'B_66' does not drive any nets. (LINT-1)
Warning: In design 'fsm', cell 'B_67' does not drive any nets. (LINT-1)
Warning: In design 'fsm', cell 'B_68' does not drive any nets. (LINT-1)
Warning: In design 'fsm', cell 'C1192' does not drive any nets. (LINT-1)
Warning: In design 'fsm', cell 'C1210' does not drive any nets. (LINT-1)
Warning: In design 'ascon_sbox_d2', port 'sel_masked_round' is not connected to any nets. (LINT-28)
Warning: In design 'shareCreator', input port 'random_masks[299]' is connected directly to output port 'shares_out[329]'. (LINT-29)
Warning: In design 'shareCreator', input port 'random_masks[298]' is connected directly to output port 'shares_out[328]'. (LINT-29)
Warning: In design 'shareCreator', input port 'random_masks[297]' is connected directly to output port 'shares_out[327]'. (LINT-29)
Warning: In design 'shareCreator', input port 'random_masks[296]' is connected directly to output port 'shares_out[326]'. (LINT-29)
Warning: In design 'shareCreator', input port 'random_masks[295]' is connected directly to output port 'shares_out[325]'. (LINT-29)
Warning: In design 'shareCreator', input port 'random_masks[294]' is connected directly to output port 'shares_out[324]'. (LINT-29)
Warning: In design 'shareCreator', input port 'random_masks[293]' is connected directly to output port 'shares_out[323]'. (LINT-29)
Warning: In design 'shareCreator', input port 'random_masks[292]' is connected directly to output port 'shares_out[322]'. (LINT-29)
Warning: In design 'shareCreator', input port 'random_masks[291]' is connected directly to output port 'shares_out[321]'. (LINT-29)
Warning: In design 'shareCreator', input port 'random_masks[290]' is connected directly to output port 'shares_out[320]'. (LINT-29)
Warning: In design 'shareCreator', input port 'random_masks[289]' is connected directly to output port 'shares_out[319]'. (LINT-29)
Warning: In design 'shareCreator', input port 'random_masks[288]' is connected directly to output port 'shares_out[318]'. (LINT-29)
Warning: In design 'shareCreator', input port 'random_masks[287]' is connected directly to output port 'shares_out[317]'. (LINT-29)
Warning: In design 'shareCreator', input port 'random_masks[286]' is connected directly to output port 'shares_out[316]'. (LINT-29)
Warning: In design 'shareCreator', input port 'random_masks[285]' is connected directly to output port 'shares_out[315]'. (LINT-29)
Warning: In design 'shareCreator', input port 'random_masks[284]' is connected directly to output port 'shares_out[314]'. (LINT-29)
Warning: In design 'shareCreator', input port 'random_masks[283]' is connected directly to output port 'shares_out[313]'. (LINT-29)
Warning: In design 'shareCreator', input port 'random_masks[282]' is connected directly to output port 'shares_out[312]'. (LINT-29)
Warning: In design 'shareCreator', input port 'random_masks[281]' is connected directly to output port 'shares_out[311]'. (LINT-29)
Warning: In design 'shareCreator', input port 'random_masks[280]' is connected directly to output port 'shares_out[310]'. (LINT-29)
Warning: In design 'shareCreator', input port 'random_masks[279]' is connected directly to output port 'shares_out[309]'. (LINT-29)
Warning: In design 'shareCreator', input port 'random_masks[278]' is connected directly to output port 'shares_out[308]'. (LINT-29)
Warning: In design 'shareCreator', input port 'random_masks[277]' is connected directly to output port 'shares_out[307]'. (LINT-29)
Warning: In design 'shareCreator', input port 'random_masks[276]' is connected directly to output port 'shares_out[306]'. (LINT-29)
Warning: In design 'shareCreator', input port 'random_masks[275]' is connected directly to output port 'shares_out[305]'. (LINT-29)
Warning: In design 'shareCreator', input port 'random_masks[274]' is connected directly to output port 'shares_out[304]'. (LINT-29)
Warning: In design 'shareCreator', input port 'random_masks[273]' is connected directly to output port 'shares_out[303]'. (LINT-29)
Warning: In design 'shareCreator', input port 'random_masks[272]' is connected directly to output port 'shares_out[302]'. (LINT-29)
Warning: In design 'shareCreator', input port 'random_masks[271]' is connected directly to output port 'shares_out[301]'. (LINT-29)
Warning: In design 'shareCreator', input port 'random_masks[270]' is connected directly to output port 'shares_out[300]'. (LINT-29)
Warning: In design 'shareCreator', input port 'random_masks[269]' is connected directly to output port 'shares_out[299]'. (LINT-29)
Warning: In design 'shareCreator', input port 'random_masks[268]' is connected directly to output port 'shares_out[298]'. (LINT-29)
Warning: In design 'shareCreator', input port 'random_masks[267]' is connected directly to output port 'shares_out[297]'. (LINT-29)
Warning: In design 'shareCreator', input port 'random_masks[266]' is connected directly to output port 'shares_out[296]'. (LINT-29)
Warning: In design 'shareCreator', input port 'random_masks[265]' is connected directly to output port 'shares_out[295]'. (LINT-29)
Warning: In design 'shareCreator', input port 'random_masks[264]' is connected directly to output port 'shares_out[294]'. (LINT-29)
Warning: In design 'shareCreator', input port 'random_masks[263]' is connected directly to output port 'shares_out[293]'. (LINT-29)
Warning: In design 'shareCreator', input port 'random_masks[262]' is connected directly to output port 'shares_out[292]'. (LINT-29)
Warning: In design 'shareCreator', input port 'random_masks[261]' is connected directly to output port 'shares_out[291]'. (LINT-29)
Warning: In design 'shareCreator', input port 'random_masks[260]' is connected directly to output port 'shares_out[290]'. (LINT-29)
Warning: In design 'shareCreator', input port 'random_masks[259]' is connected directly to output port 'shares_out[289]'. (LINT-29)
Warning: In design 'shareCreator', input port 'random_masks[258]' is connected directly to output port 'shares_out[288]'. (LINT-29)
Warning: In design 'shareCreator', input port 'random_masks[257]' is connected directly to output port 'shares_out[287]'. (LINT-29)
Warning: In design 'shareCreator', input port 'random_masks[256]' is connected directly to output port 'shares_out[286]'. (LINT-29)
Warning: In design 'shareCreator', input port 'random_masks[255]' is connected directly to output port 'shares_out[285]'. (LINT-29)
Warning: In design 'shareCreator', input port 'random_masks[254]' is connected directly to output port 'shares_out[284]'. (LINT-29)
Warning: In design 'shareCreator', input port 'random_masks[253]' is connected directly to output port 'shares_out[283]'. (LINT-29)
Warning: In design 'shareCreator', input port 'random_masks[252]' is connected directly to output port 'shares_out[282]'. (LINT-29)
Warning: In design 'shareCreator', input port 'random_masks[251]' is connected directly to output port 'shares_out[281]'. (LINT-29)
Warning: In design 'shareCreator', input port 'random_masks[250]' is connected directly to output port 'shares_out[280]'. (LINT-29)
Warning: In design 'shareCreator', input port 'random_masks[249]' is connected directly to output port 'shares_out[279]'. (LINT-29)
Warning: In design 'shareCreator', input port 'random_masks[248]' is connected directly to output port 'shares_out[278]'. (LINT-29)
Warning: In design 'shareCreator', input port 'random_masks[247]' is connected directly to output port 'shares_out[277]'. (LINT-29)
Warning: In design 'shareCreator', input port 'random_masks[246]' is connected directly to output port 'shares_out[276]'. (LINT-29)
Warning: In design 'shareCreator', input port 'random_masks[245]' is connected directly to output port 'shares_out[275]'. (LINT-29)
Warning: In design 'shareCreator', input port 'random_masks[244]' is connected directly to output port 'shares_out[274]'. (LINT-29)
Warning: In design 'shareCreator', input port 'random_masks[243]' is connected directly to output port 'shares_out[273]'. (LINT-29)
Warning: In design 'shareCreator', input port 'random_masks[242]' is connected directly to output port 'shares_out[272]'. (LINT-29)
Warning: In design 'shareCreator', input port 'random_masks[241]' is connected directly to output port 'shares_out[271]'. (LINT-29)
Warning: In design 'shareCreator', input port 'random_masks[240]' is connected directly to output port 'shares_out[270]'. (LINT-29)
Warning: In design 'shareCreator', input port 'random_masks[239]' is connected directly to output port 'shares_out[269]'. (LINT-29)
Warning: In design 'shareCreator', input port 'random_masks[238]' is connected directly to output port 'shares_out[268]'. (LINT-29)
Warning: In design 'shareCreator', input port 'random_masks[237]' is connected directly to output port 'shares_out[267]'. (LINT-29)
Warning: In design 'shareCreator', input port 'random_masks[236]' is connected directly to output port 'shares_out[266]'. (LINT-29)
Warning: In design 'shareCreator', input port 'random_masks[235]' is connected directly to output port 'shares_out[265]'. (LINT-29)
Warning: In design 'shareCreator', input port 'random_masks[234]' is connected directly to output port 'shares_out[264]'. (LINT-29)
Warning: In design 'shareCreator', input port 'random_masks[233]' is connected directly to output port 'shares_out[263]'. (LINT-29)
Warning: In design 'shareCreator', input port 'random_masks[232]' is connected directly to output port 'shares_out[262]'. (LINT-29)
Warning: In design 'shareCreator', input port 'random_masks[231]' is connected directly to output port 'shares_out[261]'. (LINT-29)
Warning: In design 'shareCreator', input port 'random_masks[230]' is connected directly to output port 'shares_out[260]'. (LINT-29)
Warning: In design 'shareCreator', input port 'random_masks[229]' is connected directly to output port 'shares_out[259]'. (LINT-29)
Warning: In design 'shareCreator', input port 'random_masks[228]' is connected directly to output port 'shares_out[258]'. (LINT-29)
Warning: In design 'shareCreator', input port 'random_masks[227]' is connected directly to output port 'shares_out[257]'. (LINT-29)
Warning: In design 'shareCreator', input port 'random_masks[226]' is connected directly to output port 'shares_out[256]'. (LINT-29)
Warning: In design 'shareCreator', input port 'random_masks[225]' is connected directly to output port 'shares_out[255]'. (LINT-29)
Warning: In design 'shareCreator', input port 'random_masks[224]' is connected directly to output port 'shares_out[254]'. (LINT-29)
Warning: In design 'shareCreator', input port 'random_masks[223]' is connected directly to output port 'shares_out[253]'. (LINT-29)
Warning: In design 'shareCreator', input port 'random_masks[222]' is connected directly to output port 'shares_out[252]'. (LINT-29)
Warning: In design 'shareCreator', input port 'random_masks[221]' is connected directly to output port 'shares_out[251]'. (LINT-29)
Warning: In design 'shareCreator', input port 'random_masks[220]' is connected directly to output port 'shares_out[250]'. (LINT-29)
Warning: In design 'shareCreator', input port 'random_masks[219]' is connected directly to output port 'shares_out[249]'. (LINT-29)
Warning: In design 'shareCreator', input port 'random_masks[218]' is connected directly to output port 'shares_out[248]'. (LINT-29)
Warning: In design 'shareCreator', input port 'random_masks[217]' is connected directly to output port 'shares_out[247]'. (LINT-29)
Warning: In design 'shareCreator', input port 'random_masks[216]' is connected directly to output port 'shares_out[246]'. (LINT-29)
Warning: In design 'shareCreator', input port 'random_masks[215]' is connected directly to output port 'shares_out[245]'. (LINT-29)
Warning: In design 'shareCreator', input port 'random_masks[214]' is connected directly to output port 'shares_out[244]'. (LINT-29)
Warning: In design 'shareCreator', input port 'random_masks[213]' is connected directly to output port 'shares_out[243]'. (LINT-29)
Warning: In design 'shareCreator', input port 'random_masks[212]' is connected directly to output port 'shares_out[242]'. (LINT-29)
Warning: In design 'shareCreator', input port 'random_masks[211]' is connected directly to output port 'shares_out[241]'. (LINT-29)
Warning: In design 'shareCreator', input port 'random_masks[210]' is connected directly to output port 'shares_out[240]'. (LINT-29)
Warning: In design 'shareCreator', input port 'random_masks[209]' is connected directly to output port 'shares_out[239]'. (LINT-29)
Warning: In design 'shareCreator', input port 'random_masks[208]' is connected directly to output port 'shares_out[238]'. (LINT-29)
Warning: In design 'shareCreator', input port 'random_masks[207]' is connected directly to output port 'shares_out[237]'. (LINT-29)
Warning: In design 'shareCreator', input port 'random_masks[206]' is connected directly to output port 'shares_out[236]'. (LINT-29)
Warning: In design 'shareCreator', input port 'random_masks[205]' is connected directly to output port 'shares_out[235]'. (LINT-29)
Warning: In design 'shareCreator', input port 'random_masks[204]' is connected directly to output port 'shares_out[234]'. (LINT-29)
Warning: In design 'shareCreator', input port 'random_masks[203]' is connected directly to output port 'shares_out[233]'. (LINT-29)
Warning: In design 'shareCreator', input port 'random_masks[202]' is connected directly to output port 'shares_out[232]'. (LINT-29)
Warning: In design 'shareCreator', input port 'random_masks[201]' is connected directly to output port 'shares_out[231]'. (LINT-29)
Warning: In design 'shareCreator', input port 'random_masks[200]' is connected directly to output port 'shares_out[230]'. (LINT-29)
Warning: In design 'shareCreator', input port 'random_masks[199]' is connected directly to output port 'shares_out[229]'. (LINT-29)
Warning: In design 'shareCreator', input port 'random_masks[198]' is connected directly to output port 'shares_out[228]'. (LINT-29)
Warning: In design 'shareCreator', input port 'random_masks[197]' is connected directly to output port 'shares_out[227]'. (LINT-29)
Warning: In design 'shareCreator', input port 'random_masks[196]' is connected directly to output port 'shares_out[226]'. (LINT-29)
Warning: In design 'shareCreator', input port 'random_masks[195]' is connected directly to output port 'shares_out[225]'. (LINT-29)
Warning: In design 'shareCreator', input port 'random_masks[194]' is connected directly to output port 'shares_out[224]'. (LINT-29)
Warning: In design 'shareCreator', input port 'random_masks[193]' is connected directly to output port 'shares_out[223]'. (LINT-29)
Warning: In design 'shareCreator', input port 'random_masks[192]' is connected directly to output port 'shares_out[222]'. (LINT-29)
Warning: In design 'shareCreator', input port 'random_masks[191]' is connected directly to output port 'shares_out[221]'. (LINT-29)
Warning: In design 'shareCreator', input port 'random_masks[190]' is connected directly to output port 'shares_out[220]'. (LINT-29)
Warning: In design 'shareCreator', input port 'random_masks[189]' is connected directly to output port 'shares_out[219]'. (LINT-29)
Warning: In design 'shareCreator', input port 'random_masks[188]' is connected directly to output port 'shares_out[218]'. (LINT-29)
Warning: In design 'shareCreator', input port 'random_masks[187]' is connected directly to output port 'shares_out[217]'. (LINT-29)
Warning: In design 'shareCreator', input port 'random_masks[186]' is connected directly to output port 'shares_out[216]'. (LINT-29)
Warning: In design 'shareCreator', input port 'random_masks[185]' is connected directly to output port 'shares_out[215]'. (LINT-29)
Warning: In design 'shareCreator', input port 'random_masks[184]' is connected directly to output port 'shares_out[214]'. (LINT-29)
Warning: In design 'shareCreator', input port 'random_masks[183]' is connected directly to output port 'shares_out[213]'. (LINT-29)
Warning: In design 'shareCreator', input port 'random_masks[182]' is connected directly to output port 'shares_out[212]'. (LINT-29)
Warning: In design 'shareCreator', input port 'random_masks[181]' is connected directly to output port 'shares_out[211]'. (LINT-29)
Warning: In design 'shareCreator', input port 'random_masks[180]' is connected directly to output port 'shares_out[210]'. (LINT-29)
Warning: In design 'shareCreator', input port 'random_masks[179]' is connected directly to output port 'shares_out[209]'. (LINT-29)
Warning: In design 'shareCreator', input port 'random_masks[178]' is connected directly to output port 'shares_out[208]'. (LINT-29)
Warning: In design 'shareCreator', input port 'random_masks[177]' is connected directly to output port 'shares_out[207]'. (LINT-29)
Warning: In design 'shareCreator', input port 'random_masks[176]' is connected directly to output port 'shares_out[206]'. (LINT-29)
Warning: In design 'shareCreator', input port 'random_masks[175]' is connected directly to output port 'shares_out[205]'. (LINT-29)
Warning: In design 'shareCreator', input port 'random_masks[174]' is connected directly to output port 'shares_out[204]'. (LINT-29)
Warning: In design 'shareCreator', input port 'random_masks[173]' is connected directly to output port 'shares_out[203]'. (LINT-29)
Warning: In design 'shareCreator', input port 'random_masks[172]' is connected directly to output port 'shares_out[202]'. (LINT-29)
Warning: In design 'shareCreator', input port 'random_masks[171]' is connected directly to output port 'shares_out[201]'. (LINT-29)
Warning: In design 'shareCreator', input port 'random_masks[170]' is connected directly to output port 'shares_out[200]'. (LINT-29)
Warning: In design 'shareCreator', input port 'random_masks[169]' is connected directly to output port 'shares_out[199]'. (LINT-29)
Warning: In design 'shareCreator', input port 'random_masks[168]' is connected directly to output port 'shares_out[198]'. (LINT-29)
Warning: In design 'shareCreator', input port 'random_masks[167]' is connected directly to output port 'shares_out[197]'. (LINT-29)
Warning: In design 'shareCreator', input port 'random_masks[166]' is connected directly to output port 'shares_out[196]'. (LINT-29)
Warning: In design 'shareCreator', input port 'random_masks[165]' is connected directly to output port 'shares_out[195]'. (LINT-29)
Warning: In design 'shareCreator', input port 'random_masks[164]' is connected directly to output port 'shares_out[194]'. (LINT-29)
Warning: In design 'shareCreator', input port 'random_masks[163]' is connected directly to output port 'shares_out[193]'. (LINT-29)
Warning: In design 'shareCreator', input port 'random_masks[162]' is connected directly to output port 'shares_out[192]'. (LINT-29)
Warning: In design 'shareCreator', input port 'random_masks[161]' is connected directly to output port 'shares_out[191]'. (LINT-29)
Warning: In design 'shareCreator', input port 'random_masks[160]' is connected directly to output port 'shares_out[190]'. (LINT-29)
Warning: In design 'shareCreator', input port 'random_masks[159]' is connected directly to output port 'shares_out[189]'. (LINT-29)
Warning: In design 'shareCreator', input port 'random_masks[158]' is connected directly to output port 'shares_out[188]'. (LINT-29)
Warning: In design 'shareCreator', input port 'random_masks[157]' is connected directly to output port 'shares_out[187]'. (LINT-29)
Warning: In design 'shareCreator', input port 'random_masks[156]' is connected directly to output port 'shares_out[186]'. (LINT-29)
Warning: In design 'shareCreator', input port 'random_masks[155]' is connected directly to output port 'shares_out[185]'. (LINT-29)
Warning: In design 'shareCreator', input port 'random_masks[154]' is connected directly to output port 'shares_out[184]'. (LINT-29)
Warning: In design 'shareCreator', input port 'random_masks[153]' is connected directly to output port 'shares_out[183]'. (LINT-29)
Warning: In design 'shareCreator', input port 'random_masks[152]' is connected directly to output port 'shares_out[182]'. (LINT-29)
Warning: In design 'shareCreator', input port 'random_masks[151]' is connected directly to output port 'shares_out[181]'. (LINT-29)
Warning: In design 'shareCreator', input port 'random_masks[150]' is connected directly to output port 'shares_out[180]'. (LINT-29)
Warning: In design 'shareCreator', input port 'random_masks[149]' is connected directly to output port 'shares_out[179]'. (LINT-29)
Warning: In design 'shareCreator', input port 'random_masks[148]' is connected directly to output port 'shares_out[178]'. (LINT-29)
Warning: In design 'shareCreator', input port 'random_masks[147]' is connected directly to output port 'shares_out[177]'. (LINT-29)
Warning: In design 'shareCreator', input port 'random_masks[146]' is connected directly to output port 'shares_out[176]'. (LINT-29)
Warning: In design 'shareCreator', input port 'random_masks[145]' is connected directly to output port 'shares_out[175]'. (LINT-29)
Warning: In design 'shareCreator', input port 'random_masks[144]' is connected directly to output port 'shares_out[174]'. (LINT-29)
Warning: In design 'shareCreator', input port 'random_masks[143]' is connected directly to output port 'shares_out[173]'. (LINT-29)
Warning: In design 'shareCreator', input port 'random_masks[142]' is connected directly to output port 'shares_out[172]'. (LINT-29)
Warning: In design 'shareCreator', input port 'random_masks[141]' is connected directly to output port 'shares_out[171]'. (LINT-29)
Warning: In design 'shareCreator', input port 'random_masks[140]' is connected directly to output port 'shares_out[170]'. (LINT-29)
Warning: In design 'shareCreator', input port 'random_masks[139]' is connected directly to output port 'shares_out[169]'. (LINT-29)
Warning: In design 'shareCreator', input port 'random_masks[138]' is connected directly to output port 'shares_out[168]'. (LINT-29)
Warning: In design 'shareCreator', input port 'random_masks[137]' is connected directly to output port 'shares_out[167]'. (LINT-29)
Warning: In design 'shareCreator', input port 'random_masks[136]' is connected directly to output port 'shares_out[166]'. (LINT-29)
Warning: In design 'shareCreator', input port 'random_masks[135]' is connected directly to output port 'shares_out[165]'. (LINT-29)
Warning: In design 'shareCreator', input port 'random_masks[134]' is connected directly to output port 'shares_out[164]'. (LINT-29)
Warning: In design 'shareCreator', input port 'random_masks[133]' is connected directly to output port 'shares_out[163]'. (LINT-29)
Warning: In design 'shareCreator', input port 'random_masks[132]' is connected directly to output port 'shares_out[162]'. (LINT-29)
Warning: In design 'shareCreator', input port 'random_masks[131]' is connected directly to output port 'shares_out[161]'. (LINT-29)
Warning: In design 'shareCreator', input port 'random_masks[130]' is connected directly to output port 'shares_out[160]'. (LINT-29)
Warning: In design 'shareCreator', input port 'random_masks[129]' is connected directly to output port 'shares_out[159]'. (LINT-29)
Warning: In design 'shareCreator', input port 'random_masks[128]' is connected directly to output port 'shares_out[158]'. (LINT-29)
Warning: In design 'shareCreator', input port 'random_masks[127]' is connected directly to output port 'shares_out[157]'. (LINT-29)
Warning: In design 'shareCreator', input port 'random_masks[126]' is connected directly to output port 'shares_out[156]'. (LINT-29)
Warning: In design 'shareCreator', input port 'random_masks[125]' is connected directly to output port 'shares_out[155]'. (LINT-29)
Warning: In design 'shareCreator', input port 'random_masks[124]' is connected directly to output port 'shares_out[154]'. (LINT-29)
Warning: In design 'shareCreator', input port 'random_masks[123]' is connected directly to output port 'shares_out[153]'. (LINT-29)
Warning: In design 'shareCreator', input port 'random_masks[122]' is connected directly to output port 'shares_out[152]'. (LINT-29)
Warning: In design 'shareCreator', input port 'random_masks[121]' is connected directly to output port 'shares_out[151]'. (LINT-29)
Warning: In design 'shareCreator', input port 'random_masks[120]' is connected directly to output port 'shares_out[150]'. (LINT-29)
Warning: In design 'shareCreator', input port 'random_masks[119]' is connected directly to output port 'shares_out[149]'. (LINT-29)
Warning: In design 'shareCreator', input port 'random_masks[118]' is connected directly to output port 'shares_out[148]'. (LINT-29)
Warning: In design 'shareCreator', input port 'random_masks[117]' is connected directly to output port 'shares_out[147]'. (LINT-29)
Warning: In design 'shareCreator', input port 'random_masks[116]' is connected directly to output port 'shares_out[146]'. (LINT-29)
Warning: In design 'shareCreator', input port 'random_masks[115]' is connected directly to output port 'shares_out[145]'. (LINT-29)
Warning: In design 'shareCreator', input port 'random_masks[114]' is connected directly to output port 'shares_out[144]'. (LINT-29)
Warning: In design 'shareCreator', input port 'random_masks[113]' is connected directly to output port 'shares_out[143]'. (LINT-29)
Warning: In design 'shareCreator', input port 'random_masks[112]' is connected directly to output port 'shares_out[142]'. (LINT-29)
Warning: In design 'shareCreator', input port 'random_masks[111]' is connected directly to output port 'shares_out[141]'. (LINT-29)
Warning: In design 'shareCreator', input port 'random_masks[110]' is connected directly to output port 'shares_out[140]'. (LINT-29)
Warning: In design 'shareCreator', input port 'random_masks[109]' is connected directly to output port 'shares_out[139]'. (LINT-29)
Warning: In design 'shareCreator', input port 'random_masks[108]' is connected directly to output port 'shares_out[138]'. (LINT-29)
Warning: In design 'shareCreator', input port 'random_masks[107]' is connected directly to output port 'shares_out[137]'. (LINT-29)
Warning: In design 'shareCreator', input port 'random_masks[106]' is connected directly to output port 'shares_out[136]'. (LINT-29)
Warning: In design 'shareCreator', input port 'random_masks[105]' is connected directly to output port 'shares_out[135]'. (LINT-29)
Warning: In design 'shareCreator', input port 'random_masks[104]' is connected directly to output port 'shares_out[134]'. (LINT-29)
Warning: In design 'shareCreator', input port 'random_masks[103]' is connected directly to output port 'shares_out[133]'. (LINT-29)
Warning: In design 'shareCreator', input port 'random_masks[102]' is connected directly to output port 'shares_out[132]'. (LINT-29)
Warning: In design 'shareCreator', input port 'random_masks[101]' is connected directly to output port 'shares_out[131]'. (LINT-29)
Warning: In design 'shareCreator', input port 'random_masks[100]' is connected directly to output port 'shares_out[130]'. (LINT-29)
Warning: In design 'shareCreator', input port 'random_masks[99]' is connected directly to output port 'shares_out[129]'. (LINT-29)
Warning: In design 'shareCreator', input port 'random_masks[98]' is connected directly to output port 'shares_out[128]'. (LINT-29)
Warning: In design 'shareCreator', input port 'random_masks[97]' is connected directly to output port 'shares_out[127]'. (LINT-29)
Warning: In design 'shareCreator', input port 'random_masks[96]' is connected directly to output port 'shares_out[126]'. (LINT-29)
Warning: In design 'shareCreator', input port 'random_masks[95]' is connected directly to output port 'shares_out[125]'. (LINT-29)
Warning: In design 'shareCreator', input port 'random_masks[94]' is connected directly to output port 'shares_out[124]'. (LINT-29)
Warning: In design 'shareCreator', input port 'random_masks[93]' is connected directly to output port 'shares_out[123]'. (LINT-29)
Warning: In design 'shareCreator', input port 'random_masks[92]' is connected directly to output port 'shares_out[122]'. (LINT-29)
Warning: In design 'shareCreator', input port 'random_masks[91]' is connected directly to output port 'shares_out[121]'. (LINT-29)
Warning: In design 'shareCreator', input port 'random_masks[90]' is connected directly to output port 'shares_out[120]'. (LINT-29)
Warning: In design 'shareCreator', input port 'random_masks[89]' is connected directly to output port 'shares_out[119]'. (LINT-29)
Warning: In design 'shareCreator', input port 'random_masks[88]' is connected directly to output port 'shares_out[118]'. (LINT-29)
Warning: In design 'shareCreator', input port 'random_masks[87]' is connected directly to output port 'shares_out[117]'. (LINT-29)
Warning: In design 'shareCreator', input port 'random_masks[86]' is connected directly to output port 'shares_out[116]'. (LINT-29)
Warning: In design 'shareCreator', input port 'random_masks[85]' is connected directly to output port 'shares_out[115]'. (LINT-29)
Warning: In design 'shareCreator', input port 'random_masks[84]' is connected directly to output port 'shares_out[114]'. (LINT-29)
Warning: In design 'shareCreator', input port 'random_masks[83]' is connected directly to output port 'shares_out[113]'. (LINT-29)
Warning: In design 'shareCreator', input port 'random_masks[82]' is connected directly to output port 'shares_out[112]'. (LINT-29)
Warning: In design 'shareCreator', input port 'random_masks[81]' is connected directly to output port 'shares_out[111]'. (LINT-29)
Warning: In design 'shareCreator', input port 'random_masks[80]' is connected directly to output port 'shares_out[110]'. (LINT-29)
Warning: In design 'shareCreator', input port 'random_masks[79]' is connected directly to output port 'shares_out[109]'. (LINT-29)
Warning: In design 'shareCreator', input port 'random_masks[78]' is connected directly to output port 'shares_out[108]'. (LINT-29)
Warning: In design 'shareCreator', input port 'random_masks[77]' is connected directly to output port 'shares_out[107]'. (LINT-29)
Warning: In design 'shareCreator', input port 'random_masks[76]' is connected directly to output port 'shares_out[106]'. (LINT-29)
Warning: In design 'shareCreator', input port 'random_masks[75]' is connected directly to output port 'shares_out[105]'. (LINT-29)
Warning: In design 'shareCreator', input port 'random_masks[74]' is connected directly to output port 'shares_out[104]'. (LINT-29)
Warning: In design 'shareCreator', input port 'random_masks[73]' is connected directly to output port 'shares_out[103]'. (LINT-29)
Warning: In design 'shareCreator', input port 'random_masks[72]' is connected directly to output port 'shares_out[102]'. (LINT-29)
Warning: In design 'shareCreator', input port 'random_masks[71]' is connected directly to output port 'shares_out[101]'. (LINT-29)
Warning: In design 'shareCreator', input port 'random_masks[70]' is connected directly to output port 'shares_out[100]'. (LINT-29)
Warning: In design 'shareCreator', input port 'random_masks[69]' is connected directly to output port 'shares_out[99]'. (LINT-29)
Warning: In design 'shareCreator', input port 'random_masks[68]' is connected directly to output port 'shares_out[98]'. (LINT-29)
Warning: In design 'shareCreator', input port 'random_masks[67]' is connected directly to output port 'shares_out[97]'. (LINT-29)
Warning: In design 'shareCreator', input port 'random_masks[66]' is connected directly to output port 'shares_out[96]'. (LINT-29)
Warning: In design 'shareCreator', input port 'random_masks[65]' is connected directly to output port 'shares_out[95]'. (LINT-29)
Warning: In design 'shareCreator', input port 'random_masks[64]' is connected directly to output port 'shares_out[94]'. (LINT-29)
Warning: In design 'shareCreator', input port 'random_masks[63]' is connected directly to output port 'shares_out[93]'. (LINT-29)
Warning: In design 'shareCreator', input port 'random_masks[62]' is connected directly to output port 'shares_out[92]'. (LINT-29)
Warning: In design 'shareCreator', input port 'random_masks[61]' is connected directly to output port 'shares_out[91]'. (LINT-29)
Warning: In design 'shareCreator', input port 'random_masks[60]' is connected directly to output port 'shares_out[90]'. (LINT-29)
Warning: In design 'shareCreator', input port 'random_masks[59]' is connected directly to output port 'shares_out[89]'. (LINT-29)
Warning: In design 'shareCreator', input port 'random_masks[58]' is connected directly to output port 'shares_out[88]'. (LINT-29)
Warning: In design 'shareCreator', input port 'random_masks[57]' is connected directly to output port 'shares_out[87]'. (LINT-29)
Warning: In design 'shareCreator', input port 'random_masks[56]' is connected directly to output port 'shares_out[86]'. (LINT-29)
Warning: In design 'shareCreator', input port 'random_masks[55]' is connected directly to output port 'shares_out[85]'. (LINT-29)
Warning: In design 'shareCreator', input port 'random_masks[54]' is connected directly to output port 'shares_out[84]'. (LINT-29)
Warning: In design 'shareCreator', input port 'random_masks[53]' is connected directly to output port 'shares_out[83]'. (LINT-29)
Warning: In design 'shareCreator', input port 'random_masks[52]' is connected directly to output port 'shares_out[82]'. (LINT-29)
Warning: In design 'shareCreator', input port 'random_masks[51]' is connected directly to output port 'shares_out[81]'. (LINT-29)
Warning: In design 'shareCreator', input port 'random_masks[50]' is connected directly to output port 'shares_out[80]'. (LINT-29)
Warning: In design 'shareCreator', input port 'random_masks[49]' is connected directly to output port 'shares_out[79]'. (LINT-29)
Warning: In design 'shareCreator', input port 'random_masks[48]' is connected directly to output port 'shares_out[78]'. (LINT-29)
Warning: In design 'shareCreator', input port 'random_masks[47]' is connected directly to output port 'shares_out[77]'. (LINT-29)
Warning: In design 'shareCreator', input port 'random_masks[46]' is connected directly to output port 'shares_out[76]'. (LINT-29)
Warning: In design 'shareCreator', input port 'random_masks[45]' is connected directly to output port 'shares_out[75]'. (LINT-29)
Warning: In design 'shareCreator', input port 'random_masks[44]' is connected directly to output port 'shares_out[74]'. (LINT-29)
Warning: In design 'shareCreator', input port 'random_masks[43]' is connected directly to output port 'shares_out[73]'. (LINT-29)
Warning: In design 'shareCreator', input port 'random_masks[42]' is connected directly to output port 'shares_out[72]'. (LINT-29)
Warning: In design 'shareCreator', input port 'random_masks[41]' is connected directly to output port 'shares_out[71]'. (LINT-29)
Warning: In design 'shareCreator', input port 'random_masks[40]' is connected directly to output port 'shares_out[70]'. (LINT-29)
Warning: In design 'shareCreator', input port 'random_masks[39]' is connected directly to output port 'shares_out[69]'. (LINT-29)
Warning: In design 'shareCreator', input port 'random_masks[38]' is connected directly to output port 'shares_out[68]'. (LINT-29)
Warning: In design 'shareCreator', input port 'random_masks[37]' is connected directly to output port 'shares_out[67]'. (LINT-29)
Warning: In design 'shareCreator', input port 'random_masks[36]' is connected directly to output port 'shares_out[66]'. (LINT-29)
Warning: In design 'shareCreator', input port 'random_masks[35]' is connected directly to output port 'shares_out[65]'. (LINT-29)
Warning: In design 'shareCreator', input port 'random_masks[34]' is connected directly to output port 'shares_out[64]'. (LINT-29)
Warning: In design 'shareCreator', input port 'random_masks[33]' is connected directly to output port 'shares_out[63]'. (LINT-29)
Warning: In design 'shareCreator', input port 'random_masks[32]' is connected directly to output port 'shares_out[62]'. (LINT-29)
Warning: In design 'shareCreator', input port 'random_masks[31]' is connected directly to output port 'shares_out[61]'. (LINT-29)
Warning: In design 'shareCreator', input port 'random_masks[30]' is connected directly to output port 'shares_out[60]'. (LINT-29)
Warning: In design 'shareCreator', input port 'random_masks[29]' is connected directly to output port 'shares_out[59]'. (LINT-29)
Warning: In design 'shareCreator', input port 'random_masks[28]' is connected directly to output port 'shares_out[58]'. (LINT-29)
Warning: In design 'shareCreator', input port 'random_masks[27]' is connected directly to output port 'shares_out[57]'. (LINT-29)
Warning: In design 'shareCreator', input port 'random_masks[26]' is connected directly to output port 'shares_out[56]'. (LINT-29)
Warning: In design 'shareCreator', input port 'random_masks[25]' is connected directly to output port 'shares_out[55]'. (LINT-29)
Warning: In design 'shareCreator', input port 'random_masks[24]' is connected directly to output port 'shares_out[54]'. (LINT-29)
Warning: In design 'shareCreator', input port 'random_masks[23]' is connected directly to output port 'shares_out[53]'. (LINT-29)
Warning: In design 'shareCreator', input port 'random_masks[22]' is connected directly to output port 'shares_out[52]'. (LINT-29)
Warning: In design 'shareCreator', input port 'random_masks[21]' is connected directly to output port 'shares_out[51]'. (LINT-29)
Warning: In design 'shareCreator', input port 'random_masks[20]' is connected directly to output port 'shares_out[50]'. (LINT-29)
Warning: In design 'shareCreator', input port 'random_masks[19]' is connected directly to output port 'shares_out[49]'. (LINT-29)
Warning: In design 'shareCreator', input port 'random_masks[18]' is connected directly to output port 'shares_out[48]'. (LINT-29)
Warning: In design 'shareCreator', input port 'random_masks[17]' is connected directly to output port 'shares_out[47]'. (LINT-29)
Warning: In design 'shareCreator', input port 'random_masks[16]' is connected directly to output port 'shares_out[46]'. (LINT-29)
Warning: In design 'shareCreator', input port 'random_masks[15]' is connected directly to output port 'shares_out[45]'. (LINT-29)
Warning: In design 'shareCreator', input port 'random_masks[14]' is connected directly to output port 'shares_out[44]'. (LINT-29)
Warning: In design 'shareCreator', input port 'random_masks[13]' is connected directly to output port 'shares_out[43]'. (LINT-29)
Warning: In design 'shareCreator', input port 'random_masks[12]' is connected directly to output port 'shares_out[42]'. (LINT-29)
Warning: In design 'shareCreator', input port 'random_masks[11]' is connected directly to output port 'shares_out[41]'. (LINT-29)
Warning: In design 'shareCreator', input port 'random_masks[10]' is connected directly to output port 'shares_out[40]'. (LINT-29)
Warning: In design 'shareCreator', input port 'random_masks[9]' is connected directly to output port 'shares_out[39]'. (LINT-29)
Warning: In design 'shareCreator', input port 'random_masks[8]' is connected directly to output port 'shares_out[38]'. (LINT-29)
Warning: In design 'shareCreator', input port 'random_masks[7]' is connected directly to output port 'shares_out[37]'. (LINT-29)
Warning: In design 'shareCreator', input port 'random_masks[6]' is connected directly to output port 'shares_out[36]'. (LINT-29)
Warning: In design 'shareCreator', input port 'random_masks[5]' is connected directly to output port 'shares_out[35]'. (LINT-29)
Warning: In design 'shareCreator', input port 'random_masks[4]' is connected directly to output port 'shares_out[34]'. (LINT-29)
Warning: In design 'shareCreator', input port 'random_masks[3]' is connected directly to output port 'shares_out[33]'. (LINT-29)
Warning: In design 'shareCreator', input port 'random_masks[2]' is connected directly to output port 'shares_out[32]'. (LINT-29)
Warning: In design 'shareCreator', input port 'random_masks[1]' is connected directly to output port 'shares_out[31]'. (LINT-29)
Warning: In design 'shareCreator', input port 'random_masks[0]' is connected directly to output port 'shares_out[30]'. (LINT-29)
Warning: In design 'state_register', output port 'out_shifted_dplus1[319]' is connected directly to output port 'data_out[319]'. (LINT-31)
Warning: In design 'state_register', output port 'out_shifted_dplus1[318]' is connected directly to output port 'data_out[318]'. (LINT-31)
Warning: In design 'state_register', output port 'out_shifted_dplus1[317]' is connected directly to output port 'data_out[317]'. (LINT-31)
Warning: In design 'state_register', output port 'out_shifted_dplus1[316]' is connected directly to output port 'data_out[316]'. (LINT-31)
Warning: In design 'state_register', output port 'out_shifted_dplus1[315]' is connected directly to output port 'data_out[315]'. (LINT-31)
Warning: In design 'state_register', output port 'out_shifted_dplus1[314]' is connected directly to output port 'data_out[314]'. (LINT-31)
Warning: In design 'state_register', output port 'out_shifted_dplus1[313]' is connected directly to output port 'data_out[313]'. (LINT-31)
Warning: In design 'state_register', output port 'out_shifted_dplus1[312]' is connected directly to output port 'data_out[312]'. (LINT-31)
Warning: In design 'state_register', output port 'out_shifted_dplus1[311]' is connected directly to output port 'data_out[311]'. (LINT-31)
Warning: In design 'state_register', output port 'out_shifted_dplus1[310]' is connected directly to output port 'data_out[310]'. (LINT-31)
Warning: In design 'state_register', output port 'out_shifted_dplus1[309]' is connected directly to output port 'data_out[309]'. (LINT-31)
Warning: In design 'state_register', output port 'out_shifted_dplus1[308]' is connected directly to output port 'data_out[308]'. (LINT-31)
Warning: In design 'state_register', output port 'out_shifted_dplus1[307]' is connected directly to output port 'data_out[307]'. (LINT-31)
Warning: In design 'state_register', output port 'out_shifted_dplus1[306]' is connected directly to output port 'data_out[306]'. (LINT-31)
Warning: In design 'state_register', output port 'out_shifted_dplus1[305]' is connected directly to output port 'data_out[305]'. (LINT-31)
Warning: In design 'state_register', output port 'out_shifted_dplus1[304]' is connected directly to output port 'data_out[304]'. (LINT-31)
Warning: In design 'state_register', output port 'out_shifted_dplus1[303]' is connected directly to output port 'data_out[303]'. (LINT-31)
Warning: In design 'state_register', output port 'out_shifted_dplus1[302]' is connected directly to output port 'data_out[302]'. (LINT-31)
Warning: In design 'state_register', output port 'out_shifted_dplus1[301]' is connected directly to output port 'data_out[301]'. (LINT-31)
Warning: In design 'state_register', output port 'out_shifted_dplus1[300]' is connected directly to output port 'data_out[300]'. (LINT-31)
Warning: In design 'state_register', output port 'out_shifted_dplus1[299]' is connected directly to output port 'data_out[299]'. (LINT-31)
Warning: In design 'state_register', output port 'out_shifted_dplus1[298]' is connected directly to output port 'data_out[298]'. (LINT-31)
Warning: In design 'state_register', output port 'out_shifted_dplus1[297]' is connected directly to output port 'data_out[297]'. (LINT-31)
Warning: In design 'state_register', output port 'out_shifted_dplus1[296]' is connected directly to output port 'data_out[296]'. (LINT-31)
Warning: In design 'state_register', output port 'out_shifted_dplus1[295]' is connected directly to output port 'data_out[295]'. (LINT-31)
Warning: In design 'state_register', output port 'out_shifted_dplus1[294]' is connected directly to output port 'data_out[294]'. (LINT-31)
Warning: In design 'state_register', output port 'out_shifted_dplus1[293]' is connected directly to output port 'data_out[293]'. (LINT-31)
Warning: In design 'state_register', output port 'out_shifted_dplus1[292]' is connected directly to output port 'data_out[292]'. (LINT-31)
Warning: In design 'state_register', output port 'out_shifted_dplus1[291]' is connected directly to output port 'data_out[291]'. (LINT-31)
Warning: In design 'state_register', output port 'out_shifted_dplus1[290]' is connected directly to output port 'data_out[290]'. (LINT-31)
Warning: In design 'state_register', output port 'out_shifted_dplus1[289]' is connected directly to output port 'data_out[289]'. (LINT-31)
Warning: In design 'state_register', output port 'out_shifted_dplus1[288]' is connected directly to output port 'data_out[288]'. (LINT-31)
Warning: In design 'state_register', output port 'out_shifted_dplus1[287]' is connected directly to output port 'data_out[287]'. (LINT-31)
Warning: In design 'state_register', output port 'out_shifted_dplus1[286]' is connected directly to output port 'data_out[286]'. (LINT-31)
Warning: In design 'state_register', output port 'out_shifted_dplus1[285]' is connected directly to output port 'data_out[285]'. (LINT-31)
Warning: In design 'state_register', output port 'out_shifted_dplus1[284]' is connected directly to output port 'data_out[284]'. (LINT-31)
Warning: In design 'state_register', output port 'out_shifted_dplus1[283]' is connected directly to output port 'data_out[283]'. (LINT-31)
Warning: In design 'state_register', output port 'out_shifted_dplus1[282]' is connected directly to output port 'data_out[282]'. (LINT-31)
Warning: In design 'state_register', output port 'out_shifted_dplus1[281]' is connected directly to output port 'data_out[281]'. (LINT-31)
Warning: In design 'state_register', output port 'out_shifted_dplus1[280]' is connected directly to output port 'data_out[280]'. (LINT-31)
Warning: In design 'state_register', output port 'out_shifted_dplus1[279]' is connected directly to output port 'data_out[279]'. (LINT-31)
Warning: In design 'state_register', output port 'out_shifted_dplus1[278]' is connected directly to output port 'data_out[278]'. (LINT-31)
Warning: In design 'state_register', output port 'out_shifted_dplus1[277]' is connected directly to output port 'data_out[277]'. (LINT-31)
Warning: In design 'state_register', output port 'out_shifted_dplus1[276]' is connected directly to output port 'data_out[276]'. (LINT-31)
Warning: In design 'state_register', output port 'out_shifted_dplus1[275]' is connected directly to output port 'data_out[275]'. (LINT-31)
Warning: In design 'state_register', output port 'out_shifted_dplus1[274]' is connected directly to output port 'data_out[274]'. (LINT-31)
Warning: In design 'state_register', output port 'out_shifted_dplus1[273]' is connected directly to output port 'data_out[273]'. (LINT-31)
Warning: In design 'state_register', output port 'out_shifted_dplus1[272]' is connected directly to output port 'data_out[272]'. (LINT-31)
Warning: In design 'state_register', output port 'out_shifted_dplus1[271]' is connected directly to output port 'data_out[271]'. (LINT-31)
Warning: In design 'state_register', output port 'out_shifted_dplus1[270]' is connected directly to output port 'data_out[270]'. (LINT-31)
Warning: In design 'state_register', output port 'out_shifted_dplus1[269]' is connected directly to output port 'data_out[269]'. (LINT-31)
Warning: In design 'state_register', output port 'out_shifted_dplus1[268]' is connected directly to output port 'data_out[268]'. (LINT-31)
Warning: In design 'state_register', output port 'out_shifted_dplus1[267]' is connected directly to output port 'data_out[267]'. (LINT-31)
Warning: In design 'state_register', output port 'out_shifted_dplus1[266]' is connected directly to output port 'data_out[266]'. (LINT-31)
Warning: In design 'state_register', output port 'out_shifted_dplus1[265]' is connected directly to output port 'data_out[265]'. (LINT-31)
Warning: In design 'state_register', output port 'out_shifted_dplus1[264]' is connected directly to output port 'data_out[264]'. (LINT-31)
Warning: In design 'state_register', output port 'out_shifted_dplus1[263]' is connected directly to output port 'data_out[263]'. (LINT-31)
Warning: In design 'state_register', output port 'out_shifted_dplus1[262]' is connected directly to output port 'data_out[262]'. (LINT-31)
Warning: In design 'state_register', output port 'out_shifted_dplus1[261]' is connected directly to output port 'data_out[261]'. (LINT-31)
Warning: In design 'state_register', output port 'out_shifted_dplus1[260]' is connected directly to output port 'data_out[260]'. (LINT-31)
Warning: In design 'state_register', output port 'out_shifted_dplus1[259]' is connected directly to output port 'data_out[259]'. (LINT-31)
Warning: In design 'state_register', output port 'out_shifted_dplus1[258]' is connected directly to output port 'data_out[258]'. (LINT-31)
Warning: In design 'state_register', output port 'out_shifted_dplus1[257]' is connected directly to output port 'data_out[257]'. (LINT-31)
Warning: In design 'state_register', output port 'out_shifted_dplus1[256]' is connected directly to output port 'data_out[256]'. (LINT-31)
Warning: In design 'state_register', output port 'out_shifted_dplus1[255]' is connected directly to output port 'data_out[255]'. (LINT-31)
Warning: In design 'state_register', output port 'out_shifted_dplus1[254]' is connected directly to output port 'data_out[254]'. (LINT-31)
Warning: In design 'state_register', output port 'out_shifted_dplus1[253]' is connected directly to output port 'data_out[253]'. (LINT-31)
Warning: In design 'state_register', output port 'out_shifted_dplus1[252]' is connected directly to output port 'data_out[252]'. (LINT-31)
Warning: In design 'state_register', output port 'out_shifted_dplus1[251]' is connected directly to output port 'data_out[251]'. (LINT-31)
Warning: In design 'state_register', output port 'out_shifted_dplus1[250]' is connected directly to output port 'data_out[250]'. (LINT-31)
Warning: In design 'state_register', output port 'out_shifted_dplus1[249]' is connected directly to output port 'data_out[249]'. (LINT-31)
Warning: In design 'state_register', output port 'out_shifted_dplus1[248]' is connected directly to output port 'data_out[248]'. (LINT-31)
Warning: In design 'state_register', output port 'out_shifted_dplus1[247]' is connected directly to output port 'data_out[247]'. (LINT-31)
Warning: In design 'state_register', output port 'out_shifted_dplus1[246]' is connected directly to output port 'data_out[246]'. (LINT-31)
Warning: In design 'state_register', output port 'out_shifted_dplus1[245]' is connected directly to output port 'data_out[245]'. (LINT-31)
Warning: In design 'state_register', output port 'out_shifted_dplus1[244]' is connected directly to output port 'data_out[244]'. (LINT-31)
Warning: In design 'state_register', output port 'out_shifted_dplus1[243]' is connected directly to output port 'data_out[243]'. (LINT-31)
Warning: In design 'state_register', output port 'out_shifted_dplus1[242]' is connected directly to output port 'data_out[242]'. (LINT-31)
Warning: In design 'state_register', output port 'out_shifted_dplus1[241]' is connected directly to output port 'data_out[241]'. (LINT-31)
Warning: In design 'state_register', output port 'out_shifted_dplus1[240]' is connected directly to output port 'data_out[240]'. (LINT-31)
Warning: In design 'state_register', output port 'out_shifted_dplus1[239]' is connected directly to output port 'data_out[239]'. (LINT-31)
Warning: In design 'state_register', output port 'out_shifted_dplus1[238]' is connected directly to output port 'data_out[238]'. (LINT-31)
Warning: In design 'state_register', output port 'out_shifted_dplus1[237]' is connected directly to output port 'data_out[237]'. (LINT-31)
Warning: In design 'state_register', output port 'out_shifted_dplus1[236]' is connected directly to output port 'data_out[236]'. (LINT-31)
Warning: In design 'state_register', output port 'out_shifted_dplus1[235]' is connected directly to output port 'data_out[235]'. (LINT-31)
Warning: In design 'state_register', output port 'out_shifted_dplus1[234]' is connected directly to output port 'data_out[234]'. (LINT-31)
Warning: In design 'state_register', output port 'out_shifted_dplus1[233]' is connected directly to output port 'data_out[233]'. (LINT-31)
Warning: In design 'state_register', output port 'out_shifted_dplus1[232]' is connected directly to output port 'data_out[232]'. (LINT-31)
Warning: In design 'state_register', output port 'out_shifted_dplus1[231]' is connected directly to output port 'data_out[231]'. (LINT-31)
Warning: In design 'state_register', output port 'out_shifted_dplus1[230]' is connected directly to output port 'data_out[230]'. (LINT-31)
Warning: In design 'state_register', output port 'out_shifted_dplus1[229]' is connected directly to output port 'data_out[229]'. (LINT-31)
Warning: In design 'state_register', output port 'out_shifted_dplus1[228]' is connected directly to output port 'data_out[228]'. (LINT-31)
Warning: In design 'state_register', output port 'out_shifted_dplus1[227]' is connected directly to output port 'data_out[227]'. (LINT-31)
Warning: In design 'state_register', output port 'out_shifted_dplus1[226]' is connected directly to output port 'data_out[226]'. (LINT-31)
Warning: In design 'state_register', output port 'out_shifted_dplus1[225]' is connected directly to output port 'data_out[225]'. (LINT-31)
Warning: In design 'state_register', output port 'out_shifted_dplus1[224]' is connected directly to output port 'data_out[224]'. (LINT-31)
Warning: In design 'state_register', output port 'out_shifted_dplus1[223]' is connected directly to output port 'data_out[223]'. (LINT-31)
Warning: In design 'state_register', output port 'out_shifted_dplus1[222]' is connected directly to output port 'data_out[222]'. (LINT-31)
Warning: In design 'state_register', output port 'out_shifted_dplus1[221]' is connected directly to output port 'data_out[221]'. (LINT-31)
Warning: In design 'state_register', output port 'out_shifted_dplus1[220]' is connected directly to output port 'data_out[220]'. (LINT-31)
Warning: In design 'state_register', output port 'out_shifted_dplus1[219]' is connected directly to output port 'data_out[219]'. (LINT-31)
Warning: In design 'state_register', output port 'out_shifted_dplus1[218]' is connected directly to output port 'data_out[218]'. (LINT-31)
Warning: In design 'state_register', output port 'out_shifted_dplus1[217]' is connected directly to output port 'data_out[217]'. (LINT-31)
Warning: In design 'state_register', output port 'out_shifted_dplus1[216]' is connected directly to output port 'data_out[216]'. (LINT-31)
Warning: In design 'state_register', output port 'out_shifted_dplus1[215]' is connected directly to output port 'data_out[215]'. (LINT-31)
Warning: In design 'state_register', output port 'out_shifted_dplus1[214]' is connected directly to output port 'data_out[214]'. (LINT-31)
Warning: In design 'state_register', output port 'out_shifted_dplus1[213]' is connected directly to output port 'data_out[213]'. (LINT-31)
Warning: In design 'state_register', output port 'out_shifted_dplus1[212]' is connected directly to output port 'data_out[212]'. (LINT-31)
Warning: In design 'state_register', output port 'out_shifted_dplus1[211]' is connected directly to output port 'data_out[211]'. (LINT-31)
Warning: In design 'state_register', output port 'out_shifted_dplus1[210]' is connected directly to output port 'data_out[210]'. (LINT-31)
Warning: In design 'state_register', output port 'out_shifted_dplus1[209]' is connected directly to output port 'data_out[209]'. (LINT-31)
Warning: In design 'state_register', output port 'out_shifted_dplus1[208]' is connected directly to output port 'data_out[208]'. (LINT-31)
Warning: In design 'state_register', output port 'out_shifted_dplus1[207]' is connected directly to output port 'data_out[207]'. (LINT-31)
Warning: In design 'state_register', output port 'out_shifted_dplus1[206]' is connected directly to output port 'data_out[206]'. (LINT-31)
Warning: In design 'state_register', output port 'out_shifted_dplus1[205]' is connected directly to output port 'data_out[205]'. (LINT-31)
Warning: In design 'state_register', output port 'out_shifted_dplus1[204]' is connected directly to output port 'data_out[204]'. (LINT-31)
Warning: In design 'state_register', output port 'out_shifted_dplus1[203]' is connected directly to output port 'data_out[203]'. (LINT-31)
Warning: In design 'state_register', output port 'out_shifted_dplus1[202]' is connected directly to output port 'data_out[202]'. (LINT-31)
Warning: In design 'state_register', output port 'out_shifted_dplus1[201]' is connected directly to output port 'data_out[201]'. (LINT-31)
Warning: In design 'state_register', output port 'out_shifted_dplus1[200]' is connected directly to output port 'data_out[200]'. (LINT-31)
Warning: In design 'state_register', output port 'out_shifted_dplus1[199]' is connected directly to output port 'data_out[199]'. (LINT-31)
Warning: In design 'state_register', output port 'out_shifted_dplus1[198]' is connected directly to output port 'data_out[198]'. (LINT-31)
Warning: In design 'state_register', output port 'out_shifted_dplus1[197]' is connected directly to output port 'data_out[197]'. (LINT-31)
Warning: In design 'state_register', output port 'out_shifted_dplus1[196]' is connected directly to output port 'data_out[196]'. (LINT-31)
Warning: In design 'state_register', output port 'out_shifted_dplus1[195]' is connected directly to output port 'data_out[195]'. (LINT-31)
Warning: In design 'state_register', output port 'out_shifted_dplus1[194]' is connected directly to output port 'data_out[194]'. (LINT-31)
Warning: In design 'state_register', output port 'out_shifted_dplus1[193]' is connected directly to output port 'data_out[193]'. (LINT-31)
Warning: In design 'state_register', output port 'out_shifted_dplus1[192]' is connected directly to output port 'data_out[192]'. (LINT-31)
Warning: In design 'state_register', output port 'out_shifted_dplus1[191]' is connected directly to output port 'data_out[191]'. (LINT-31)
Warning: In design 'state_register', output port 'out_shifted_dplus1[190]' is connected directly to output port 'data_out[190]'. (LINT-31)
Warning: In design 'state_register', output port 'out_shifted_dplus1[189]' is connected directly to output port 'data_out[189]'. (LINT-31)
Warning: In design 'state_register', output port 'out_shifted_dplus1[188]' is connected directly to output port 'data_out[188]'. (LINT-31)
Warning: In design 'state_register', output port 'out_shifted_dplus1[187]' is connected directly to output port 'data_out[187]'. (LINT-31)
Warning: In design 'state_register', output port 'out_shifted_dplus1[186]' is connected directly to output port 'data_out[186]'. (LINT-31)
Warning: In design 'state_register', output port 'out_shifted_dplus1[185]' is connected directly to output port 'data_out[185]'. (LINT-31)
Warning: In design 'state_register', output port 'out_shifted_dplus1[184]' is connected directly to output port 'data_out[184]'. (LINT-31)
Warning: In design 'state_register', output port 'out_shifted_dplus1[183]' is connected directly to output port 'data_out[183]'. (LINT-31)
Warning: In design 'state_register', output port 'out_shifted_dplus1[182]' is connected directly to output port 'data_out[182]'. (LINT-31)
Warning: In design 'state_register', output port 'out_shifted_dplus1[181]' is connected directly to output port 'data_out[181]'. (LINT-31)
Warning: In design 'state_register', output port 'out_shifted_dplus1[180]' is connected directly to output port 'data_out[180]'. (LINT-31)
Warning: In design 'state_register', output port 'out_shifted_dplus1[179]' is connected directly to output port 'data_out[179]'. (LINT-31)
Warning: In design 'state_register', output port 'out_shifted_dplus1[178]' is connected directly to output port 'data_out[178]'. (LINT-31)
Warning: In design 'state_register', output port 'out_shifted_dplus1[177]' is connected directly to output port 'data_out[177]'. (LINT-31)
Warning: In design 'state_register', output port 'out_shifted_dplus1[176]' is connected directly to output port 'data_out[176]'. (LINT-31)
Warning: In design 'state_register', output port 'out_shifted_dplus1[175]' is connected directly to output port 'data_out[175]'. (LINT-31)
Warning: In design 'state_register', output port 'out_shifted_dplus1[174]' is connected directly to output port 'data_out[174]'. (LINT-31)
Warning: In design 'state_register', output port 'out_shifted_dplus1[173]' is connected directly to output port 'data_out[173]'. (LINT-31)
Warning: In design 'state_register', output port 'out_shifted_dplus1[172]' is connected directly to output port 'data_out[172]'. (LINT-31)
Warning: In design 'state_register', output port 'out_shifted_dplus1[171]' is connected directly to output port 'data_out[171]'. (LINT-31)
Warning: In design 'state_register', output port 'out_shifted_dplus1[170]' is connected directly to output port 'data_out[170]'. (LINT-31)
Warning: In design 'state_register', output port 'out_shifted_dplus1[169]' is connected directly to output port 'data_out[169]'. (LINT-31)
Warning: In design 'state_register', output port 'out_shifted_dplus1[168]' is connected directly to output port 'data_out[168]'. (LINT-31)
Warning: In design 'state_register', output port 'out_shifted_dplus1[167]' is connected directly to output port 'data_out[167]'. (LINT-31)
Warning: In design 'state_register', output port 'out_shifted_dplus1[166]' is connected directly to output port 'data_out[166]'. (LINT-31)
Warning: In design 'state_register', output port 'out_shifted_dplus1[165]' is connected directly to output port 'data_out[165]'. (LINT-31)
Warning: In design 'state_register', output port 'out_shifted_dplus1[164]' is connected directly to output port 'data_out[164]'. (LINT-31)
Warning: In design 'state_register', output port 'out_shifted_dplus1[163]' is connected directly to output port 'data_out[163]'. (LINT-31)
Warning: In design 'state_register', output port 'out_shifted_dplus1[162]' is connected directly to output port 'data_out[162]'. (LINT-31)
Warning: In design 'state_register', output port 'out_shifted_dplus1[161]' is connected directly to output port 'data_out[161]'. (LINT-31)
Warning: In design 'state_register', output port 'out_shifted_dplus1[160]' is connected directly to output port 'data_out[160]'. (LINT-31)
Warning: In design 'state_register', output port 'out_shifted_dplus1[159]' is connected directly to output port 'data_out[159]'. (LINT-31)
Warning: In design 'state_register', output port 'out_shifted_dplus1[158]' is connected directly to output port 'data_out[158]'. (LINT-31)
Warning: In design 'state_register', output port 'out_shifted_dplus1[157]' is connected directly to output port 'data_out[157]'. (LINT-31)
Warning: In design 'state_register', output port 'out_shifted_dplus1[156]' is connected directly to output port 'data_out[156]'. (LINT-31)
Warning: In design 'state_register', output port 'out_shifted_dplus1[155]' is connected directly to output port 'data_out[155]'. (LINT-31)
Warning: In design 'state_register', output port 'out_shifted_dplus1[154]' is connected directly to output port 'data_out[154]'. (LINT-31)
Warning: In design 'state_register', output port 'out_shifted_dplus1[153]' is connected directly to output port 'data_out[153]'. (LINT-31)
Warning: In design 'state_register', output port 'out_shifted_dplus1[152]' is connected directly to output port 'data_out[152]'. (LINT-31)
Warning: In design 'state_register', output port 'out_shifted_dplus1[151]' is connected directly to output port 'data_out[151]'. (LINT-31)
Warning: In design 'state_register', output port 'out_shifted_dplus1[150]' is connected directly to output port 'data_out[150]'. (LINT-31)
Warning: In design 'state_register', output port 'out_shifted_dplus1[149]' is connected directly to output port 'data_out[149]'. (LINT-31)
Warning: In design 'state_register', output port 'out_shifted_dplus1[148]' is connected directly to output port 'data_out[148]'. (LINT-31)
Warning: In design 'state_register', output port 'out_shifted_dplus1[147]' is connected directly to output port 'data_out[147]'. (LINT-31)
Warning: In design 'state_register', output port 'out_shifted_dplus1[146]' is connected directly to output port 'data_out[146]'. (LINT-31)
Warning: In design 'state_register', output port 'out_shifted_dplus1[145]' is connected directly to output port 'data_out[145]'. (LINT-31)
Warning: In design 'state_register', output port 'out_shifted_dplus1[144]' is connected directly to output port 'data_out[144]'. (LINT-31)
Warning: In design 'state_register', output port 'out_shifted_dplus1[143]' is connected directly to output port 'data_out[143]'. (LINT-31)
Warning: In design 'state_register', output port 'out_shifted_dplus1[142]' is connected directly to output port 'data_out[142]'. (LINT-31)
Warning: In design 'state_register', output port 'out_shifted_dplus1[141]' is connected directly to output port 'data_out[141]'. (LINT-31)
Warning: In design 'state_register', output port 'out_shifted_dplus1[140]' is connected directly to output port 'data_out[140]'. (LINT-31)
Warning: In design 'state_register', output port 'out_shifted_dplus1[139]' is connected directly to output port 'data_out[139]'. (LINT-31)
Warning: In design 'state_register', output port 'out_shifted_dplus1[138]' is connected directly to output port 'data_out[138]'. (LINT-31)
Warning: In design 'state_register', output port 'out_shifted_dplus1[137]' is connected directly to output port 'data_out[137]'. (LINT-31)
Warning: In design 'state_register', output port 'out_shifted_dplus1[136]' is connected directly to output port 'data_out[136]'. (LINT-31)
Warning: In design 'state_register', output port 'out_shifted_dplus1[135]' is connected directly to output port 'data_out[135]'. (LINT-31)
Warning: In design 'state_register', output port 'out_shifted_dplus1[134]' is connected directly to output port 'data_out[134]'. (LINT-31)
Warning: In design 'state_register', output port 'out_shifted_dplus1[133]' is connected directly to output port 'data_out[133]'. (LINT-31)
Warning: In design 'state_register', output port 'out_shifted_dplus1[132]' is connected directly to output port 'data_out[132]'. (LINT-31)
Warning: In design 'state_register', output port 'out_shifted_dplus1[131]' is connected directly to output port 'data_out[131]'. (LINT-31)
Warning: In design 'state_register', output port 'out_shifted_dplus1[130]' is connected directly to output port 'data_out[130]'. (LINT-31)
Warning: In design 'state_register', output port 'out_shifted_dplus1[129]' is connected directly to output port 'data_out[129]'. (LINT-31)
Warning: In design 'state_register', output port 'out_shifted_dplus1[128]' is connected directly to output port 'data_out[128]'. (LINT-31)
Warning: In design 'state_register', output port 'out_shifted_dplus1[127]' is connected directly to output port 'data_out[127]'. (LINT-31)
Warning: In design 'state_register', output port 'out_shifted_dplus1[126]' is connected directly to output port 'data_out[126]'. (LINT-31)
Warning: In design 'state_register', output port 'out_shifted_dplus1[125]' is connected directly to output port 'data_out[125]'. (LINT-31)
Warning: In design 'state_register', output port 'out_shifted_dplus1[124]' is connected directly to output port 'data_out[124]'. (LINT-31)
Warning: In design 'state_register', output port 'out_shifted_dplus1[123]' is connected directly to output port 'data_out[123]'. (LINT-31)
Warning: In design 'state_register', output port 'out_shifted_dplus1[122]' is connected directly to output port 'data_out[122]'. (LINT-31)
Warning: In design 'state_register', output port 'out_shifted_dplus1[121]' is connected directly to output port 'data_out[121]'. (LINT-31)
Warning: In design 'state_register', output port 'out_shifted_dplus1[120]' is connected directly to output port 'data_out[120]'. (LINT-31)
Warning: In design 'state_register', output port 'out_shifted_dplus1[119]' is connected directly to output port 'data_out[119]'. (LINT-31)
Warning: In design 'state_register', output port 'out_shifted_dplus1[118]' is connected directly to output port 'data_out[118]'. (LINT-31)
Warning: In design 'state_register', output port 'out_shifted_dplus1[117]' is connected directly to output port 'data_out[117]'. (LINT-31)
Warning: In design 'state_register', output port 'out_shifted_dplus1[116]' is connected directly to output port 'data_out[116]'. (LINT-31)
Warning: In design 'state_register', output port 'out_shifted_dplus1[115]' is connected directly to output port 'data_out[115]'. (LINT-31)
Warning: In design 'state_register', output port 'out_shifted_dplus1[114]' is connected directly to output port 'data_out[114]'. (LINT-31)
Warning: In design 'state_register', output port 'out_shifted_dplus1[113]' is connected directly to output port 'data_out[113]'. (LINT-31)
Warning: In design 'state_register', output port 'out_shifted_dplus1[112]' is connected directly to output port 'data_out[112]'. (LINT-31)
Warning: In design 'state_register', output port 'out_shifted_dplus1[111]' is connected directly to output port 'data_out[111]'. (LINT-31)
Warning: In design 'state_register', output port 'out_shifted_dplus1[110]' is connected directly to output port 'data_out[110]'. (LINT-31)
Warning: In design 'state_register', output port 'out_shifted_dplus1[109]' is connected directly to output port 'data_out[109]'. (LINT-31)
Warning: In design 'state_register', output port 'out_shifted_dplus1[108]' is connected directly to output port 'data_out[108]'. (LINT-31)
Warning: In design 'state_register', output port 'out_shifted_dplus1[107]' is connected directly to output port 'data_out[107]'. (LINT-31)
Warning: In design 'state_register', output port 'out_shifted_dplus1[106]' is connected directly to output port 'data_out[106]'. (LINT-31)
Warning: In design 'state_register', output port 'out_shifted_dplus1[105]' is connected directly to output port 'data_out[105]'. (LINT-31)
Warning: In design 'state_register', output port 'out_shifted_dplus1[104]' is connected directly to output port 'data_out[104]'. (LINT-31)
Warning: In design 'state_register', output port 'out_shifted_dplus1[103]' is connected directly to output port 'data_out[103]'. (LINT-31)
Warning: In design 'state_register', output port 'out_shifted_dplus1[102]' is connected directly to output port 'data_out[102]'. (LINT-31)
Warning: In design 'state_register', output port 'out_shifted_dplus1[101]' is connected directly to output port 'data_out[101]'. (LINT-31)
Warning: In design 'state_register', output port 'out_shifted_dplus1[100]' is connected directly to output port 'data_out[100]'. (LINT-31)
Warning: In design 'state_register', output port 'out_shifted_dplus1[99]' is connected directly to output port 'data_out[99]'. (LINT-31)
Warning: In design 'state_register', output port 'out_shifted_dplus1[98]' is connected directly to output port 'data_out[98]'. (LINT-31)
Warning: In design 'state_register', output port 'out_shifted_dplus1[97]' is connected directly to output port 'data_out[97]'. (LINT-31)
Warning: In design 'state_register', output port 'out_shifted_dplus1[96]' is connected directly to output port 'data_out[96]'. (LINT-31)
Warning: In design 'state_register', output port 'out_shifted_dplus1[95]' is connected directly to output port 'data_out[95]'. (LINT-31)
Warning: In design 'state_register', output port 'out_shifted_dplus1[94]' is connected directly to output port 'data_out[94]'. (LINT-31)
Warning: In design 'state_register', output port 'out_shifted_dplus1[93]' is connected directly to output port 'data_out[93]'. (LINT-31)
Warning: In design 'state_register', output port 'out_shifted_dplus1[92]' is connected directly to output port 'data_out[92]'. (LINT-31)
Warning: In design 'state_register', output port 'out_shifted_dplus1[91]' is connected directly to output port 'data_out[91]'. (LINT-31)
Warning: In design 'state_register', output port 'out_shifted_dplus1[90]' is connected directly to output port 'data_out[90]'. (LINT-31)
Warning: In design 'state_register', output port 'out_shifted_dplus1[89]' is connected directly to output port 'data_out[89]'. (LINT-31)
Warning: In design 'state_register', output port 'out_shifted_dplus1[88]' is connected directly to output port 'data_out[88]'. (LINT-31)
Warning: In design 'state_register', output port 'out_shifted_dplus1[87]' is connected directly to output port 'data_out[87]'. (LINT-31)
Warning: In design 'state_register', output port 'out_shifted_dplus1[86]' is connected directly to output port 'data_out[86]'. (LINT-31)
Warning: In design 'state_register', output port 'out_shifted_dplus1[85]' is connected directly to output port 'data_out[85]'. (LINT-31)
Warning: In design 'state_register', output port 'out_shifted_dplus1[84]' is connected directly to output port 'data_out[84]'. (LINT-31)
Warning: In design 'state_register', output port 'out_shifted_dplus1[83]' is connected directly to output port 'data_out[83]'. (LINT-31)
Warning: In design 'state_register', output port 'out_shifted_dplus1[82]' is connected directly to output port 'data_out[82]'. (LINT-31)
Warning: In design 'state_register', output port 'out_shifted_dplus1[81]' is connected directly to output port 'data_out[81]'. (LINT-31)
Warning: In design 'state_register', output port 'out_shifted_dplus1[80]' is connected directly to output port 'data_out[80]'. (LINT-31)
Warning: In design 'state_register', output port 'out_shifted_dplus1[79]' is connected directly to output port 'data_out[79]'. (LINT-31)
Warning: In design 'state_register', output port 'out_shifted_dplus1[78]' is connected directly to output port 'data_out[78]'. (LINT-31)
Warning: In design 'state_register', output port 'out_shifted_dplus1[77]' is connected directly to output port 'data_out[77]'. (LINT-31)
Warning: In design 'state_register', output port 'out_shifted_dplus1[76]' is connected directly to output port 'data_out[76]'. (LINT-31)
Warning: In design 'state_register', output port 'out_shifted_dplus1[75]' is connected directly to output port 'data_out[75]'. (LINT-31)
Warning: In design 'state_register', output port 'out_shifted_dplus1[74]' is connected directly to output port 'data_out[74]'. (LINT-31)
Warning: In design 'state_register', output port 'out_shifted_dplus1[73]' is connected directly to output port 'data_out[73]'. (LINT-31)
Warning: In design 'state_register', output port 'out_shifted_dplus1[72]' is connected directly to output port 'data_out[72]'. (LINT-31)
Warning: In design 'state_register', output port 'out_shifted_dplus1[71]' is connected directly to output port 'data_out[71]'. (LINT-31)
Warning: In design 'state_register', output port 'out_shifted_dplus1[70]' is connected directly to output port 'data_out[70]'. (LINT-31)
Warning: In design 'state_register', output port 'out_shifted_dplus1[69]' is connected directly to output port 'data_out[69]'. (LINT-31)
Warning: In design 'state_register', output port 'out_shifted_dplus1[68]' is connected directly to output port 'data_out[68]'. (LINT-31)
Warning: In design 'state_register', output port 'out_shifted_dplus1[67]' is connected directly to output port 'data_out[67]'. (LINT-31)
Warning: In design 'state_register', output port 'out_shifted_dplus1[66]' is connected directly to output port 'data_out[66]'. (LINT-31)
Warning: In design 'state_register', output port 'out_shifted_dplus1[65]' is connected directly to output port 'data_out[65]'. (LINT-31)
Warning: In design 'state_register', output port 'out_shifted_dplus1[64]' is connected directly to output port 'data_out[64]'. (LINT-31)
Warning: In design 'state_register', output port 'out_shifted_dplus1[63]' is connected directly to output port 'data_out[63]'. (LINT-31)
Warning: In design 'state_register', output port 'out_shifted_dplus1[62]' is connected directly to output port 'data_out[62]'. (LINT-31)
Warning: In design 'state_register', output port 'out_shifted_dplus1[61]' is connected directly to output port 'data_out[61]'. (LINT-31)
Warning: In design 'state_register', output port 'out_shifted_dplus1[60]' is connected directly to output port 'data_out[60]'. (LINT-31)
Warning: In design 'state_register', output port 'out_shifted_dplus1[59]' is connected directly to output port 'data_out[59]'. (LINT-31)
Warning: In design 'state_register', output port 'out_shifted_dplus1[58]' is connected directly to output port 'data_out[58]'. (LINT-31)
Warning: In design 'state_register', output port 'out_shifted_dplus1[57]' is connected directly to output port 'data_out[57]'. (LINT-31)
Warning: In design 'state_register', output port 'out_shifted_dplus1[56]' is connected directly to output port 'data_out[56]'. (LINT-31)
Warning: In design 'state_register', output port 'out_shifted_dplus1[55]' is connected directly to output port 'data_out[55]'. (LINT-31)
Warning: In design 'state_register', output port 'out_shifted_dplus1[54]' is connected directly to output port 'data_out[54]'. (LINT-31)
Warning: In design 'state_register', output port 'out_shifted_dplus1[53]' is connected directly to output port 'data_out[53]'. (LINT-31)
Warning: In design 'state_register', output port 'out_shifted_dplus1[52]' is connected directly to output port 'data_out[52]'. (LINT-31)
Warning: In design 'state_register', output port 'out_shifted_dplus1[51]' is connected directly to output port 'data_out[51]'. (LINT-31)
Warning: In design 'state_register', output port 'out_shifted_dplus1[50]' is connected directly to output port 'data_out[50]'. (LINT-31)
Warning: In design 'state_register', output port 'out_shifted_dplus1[49]' is connected directly to output port 'data_out[49]'. (LINT-31)
Warning: In design 'state_register', output port 'out_shifted_dplus1[48]' is connected directly to output port 'data_out[48]'. (LINT-31)
Warning: In design 'state_register', output port 'out_shifted_dplus1[47]' is connected directly to output port 'data_out[47]'. (LINT-31)
Warning: In design 'state_register', output port 'out_shifted_dplus1[46]' is connected directly to output port 'data_out[46]'. (LINT-31)
Warning: In design 'state_register', output port 'out_shifted_dplus1[45]' is connected directly to output port 'data_out[45]'. (LINT-31)
Warning: In design 'state_register', output port 'out_shifted_dplus1[44]' is connected directly to output port 'data_out[44]'. (LINT-31)
Warning: In design 'state_register', output port 'out_shifted_dplus1[43]' is connected directly to output port 'data_out[43]'. (LINT-31)
Warning: In design 'state_register', output port 'out_shifted_dplus1[42]' is connected directly to output port 'data_out[42]'. (LINT-31)
Warning: In design 'state_register', output port 'out_shifted_dplus1[41]' is connected directly to output port 'data_out[41]'. (LINT-31)
Warning: In design 'state_register', output port 'out_shifted_dplus1[40]' is connected directly to output port 'data_out[40]'. (LINT-31)
Warning: In design 'state_register', output port 'out_shifted_dplus1[39]' is connected directly to output port 'data_out[39]'. (LINT-31)
Warning: In design 'state_register', output port 'out_shifted_dplus1[38]' is connected directly to output port 'data_out[38]'. (LINT-31)
Warning: In design 'state_register', output port 'out_shifted_dplus1[37]' is connected directly to output port 'data_out[37]'. (LINT-31)
Warning: In design 'state_register', output port 'out_shifted_dplus1[36]' is connected directly to output port 'data_out[36]'. (LINT-31)
Warning: In design 'state_register', output port 'out_shifted_dplus1[35]' is connected directly to output port 'data_out[35]'. (LINT-31)
Warning: In design 'state_register', output port 'out_shifted_dplus1[34]' is connected directly to output port 'data_out[34]'. (LINT-31)
Warning: In design 'state_register', output port 'out_shifted_dplus1[33]' is connected directly to output port 'data_out[33]'. (LINT-31)
Warning: In design 'state_register', output port 'out_shifted_dplus1[32]' is connected directly to output port 'data_out[32]'. (LINT-31)
Warning: In design 'state_register', output port 'out_shifted_dplus1[31]' is connected directly to output port 'data_out[31]'. (LINT-31)
Warning: In design 'state_register', output port 'out_shifted_dplus1[30]' is connected directly to output port 'data_out[30]'. (LINT-31)
Warning: In design 'state_register', output port 'out_shifted_dplus1[29]' is connected directly to output port 'data_out[29]'. (LINT-31)
Warning: In design 'state_register', output port 'out_shifted_dplus1[28]' is connected directly to output port 'data_out[28]'. (LINT-31)
Warning: In design 'state_register', output port 'out_shifted_dplus1[27]' is connected directly to output port 'data_out[27]'. (LINT-31)
Warning: In design 'state_register', output port 'out_shifted_dplus1[26]' is connected directly to output port 'data_out[26]'. (LINT-31)
Warning: In design 'state_register', output port 'out_shifted_dplus1[25]' is connected directly to output port 'data_out[25]'. (LINT-31)
Warning: In design 'state_register', output port 'out_shifted_dplus1[24]' is connected directly to output port 'data_out[24]'. (LINT-31)
Warning: In design 'state_register', output port 'out_shifted_dplus1[23]' is connected directly to output port 'data_out[23]'. (LINT-31)
Warning: In design 'state_register', output port 'out_shifted_dplus1[22]' is connected directly to output port 'data_out[22]'. (LINT-31)
Warning: In design 'state_register', output port 'out_shifted_dplus1[21]' is connected directly to output port 'data_out[21]'. (LINT-31)
Warning: In design 'state_register', output port 'out_shifted_dplus1[20]' is connected directly to output port 'data_out[20]'. (LINT-31)
Warning: In design 'state_register', output port 'out_shifted_dplus1[19]' is connected directly to output port 'data_out[19]'. (LINT-31)
Warning: In design 'state_register', output port 'out_shifted_dplus1[18]' is connected directly to output port 'data_out[18]'. (LINT-31)
Warning: In design 'state_register', output port 'out_shifted_dplus1[17]' is connected directly to output port 'data_out[17]'. (LINT-31)
Warning: In design 'state_register', output port 'out_shifted_dplus1[16]' is connected directly to output port 'data_out[16]'. (LINT-31)
Warning: In design 'state_register', output port 'out_shifted_dplus1[15]' is connected directly to output port 'data_out[15]'. (LINT-31)
Warning: In design 'state_register', output port 'out_shifted_dplus1[14]' is connected directly to output port 'data_out[14]'. (LINT-31)
Warning: In design 'state_register', output port 'out_shifted_dplus1[13]' is connected directly to output port 'data_out[13]'. (LINT-31)
Warning: In design 'state_register', output port 'out_shifted_dplus1[12]' is connected directly to output port 'data_out[12]'. (LINT-31)
Warning: In design 'state_register', output port 'out_shifted_dplus1[11]' is connected directly to output port 'data_out[11]'. (LINT-31)
Warning: In design 'state_register', output port 'out_shifted_dplus1[10]' is connected directly to output port 'data_out[10]'. (LINT-31)
Warning: In design 'state_register', output port 'out_shifted_dplus1[9]' is connected directly to output port 'data_out[9]'. (LINT-31)
Warning: In design 'state_register', output port 'out_shifted_dplus1[8]' is connected directly to output port 'data_out[8]'. (LINT-31)
Warning: In design 'state_register', output port 'out_shifted_dplus1[7]' is connected directly to output port 'data_out[7]'. (LINT-31)
Warning: In design 'state_register', output port 'out_shifted_dplus1[6]' is connected directly to output port 'data_out[6]'. (LINT-31)
Warning: In design 'state_register', output port 'out_shifted_dplus1[5]' is connected directly to output port 'data_out[5]'. (LINT-31)
Warning: In design 'state_register', output port 'out_shifted_dplus1[4]' is connected directly to output port 'data_out[4]'. (LINT-31)
Warning: In design 'state_register', output port 'out_shifted_dplus1[3]' is connected directly to output port 'data_out[3]'. (LINT-31)
Warning: In design 'state_register', output port 'out_shifted_dplus1[2]' is connected directly to output port 'data_out[2]'. (LINT-31)
Warning: In design 'state_register', output port 'out_shifted_dplus1[1]' is connected directly to output port 'data_out[1]'. (LINT-31)
Warning: In design 'state_register', output port 'out_shifted_dplus1[0]' is connected directly to output port 'data_out[0]'. (LINT-31)
1
