logic__344: 
case__32: 
keep__10: 
reg__65: 
logic__553: 
reg__24: 
case__128: 
register: 
logic__891: 
case__82: 
case__131: 
reg__64: 
case__98: 
logic__262: 
case__84: 
muxpart: 
logic__111: 
reg__57: 
logic__447: 
case__90: 
logic__335: 
logic__398: 
logic__406: 
logic__565: 
logic__577: 
reg__63: 
logic__549: 
logic__801: 
logic__185: 
case__96: 
logic__167: 
logic__866: 
case__86: 
logic__464: 
reg__56: 
logic__840: 
case__117: 
case__126: 
logic__330: 
reg__88: 
case__125: 
logic__458: 
logic__303: 
datapath__8: 
reg__55: 
keep__45: 
logic__105: 
logic__502: 
logic__555: 
reg__30: 
fsm: 
logic__217: 
reg__54: 
logic__334: 
logic__488: 
case__114: 
logic__397: 
logic__482: 
case__25: 
logic__34: 
reg__35: 
case__97: 
reg__27: 
case__129: 
reg__13: 
logic__427: 
reg__32: 
reg__17: 
case__122: 
logic__559: 
case__108: 
logic__248: 
logic__484: 
logic__514: 
logic__582: 
logic__571: 
keep__6: 
logic__770: 
logic__576: 
case__121: 
logic__410: 
case__40: 
logic__419: 
logic__510: 
case__133: 
logic__731: 
logic__227: 
logic__175: 
keep__5: 
logic__468: 
logic__64: 
keep__35: 
keep__36: 
keep__42: 
logic__29: 
logic__519: 
logic__422: 
logic__769: 
logic__497: 
keep__20: 
logic__725: 
logic__433: 
case__21: 
case__81: 
logic__148: 
logic__216: 
logic__118: 
logic__475: 
logic__25: 
logic__729: 
cw305_top: 
logic__324: 
keep__32: 
logic__234: 
reg__39: 
logic__238: 
logic__116: 
reg__50: 
logic__545: 
reg__46: 
logic__735: 
logic__446: 
logic__841: 
logic__837: 
logic__972: 
logic__506: 
case__7: 
logic__77: 
logic__340: 
logic__449: 
logic__260: 
logic__509: 
case__12: 
reg__51: 
logic__438: 
logic__952: 
logic__436: 
logic__395: 
keep__25: 
logic__501: 
reg__26: 
reg__52: 
reg__8: 
logic__1: 
logic__722: 
reg__80: 
logic__169: 
datapath__4: 
logic__951: 
logic__823: 
logic__850: 
logic__524: 
logic__495: 
logic__2: 
case__9: 
logic__877: 
reg__3: 
logic__515: 
logic__396: 
case__28: 
reg__79: 
logic__153: 
logic__127: 
cdc_pulse: 
case__87: 
logic__276: 
reg__20: 
logic__561: 
logic__491: 
reg__34: 
logic__413: 
reg__87: 
logic__451: 
logic__142: 
logic__275: 
logic__250: 
keep__4: 
reg__28: 
logic__574: 
logic__967: 
logic__813: 
reg__11: 
logic__856: 
logic__180: 
logic__872: 
logic__961: 
logic__104: 
logic__200: 
logic__829: 
datapath__2: 
reg__19: 
keep__33: 
logic__724: 
logic__540: 
logic__962: 
logic__117: 
logic__164: 
logic__18: 
logic__541: 
reg__5: 
logic__297: 
logic__585: 
logic__237: 
muxpart__1: 
logic__855: 
logic__728: 
keep__22: 
logic__222: 
case__110: 
logic__492: 
keep__14: 
ascon_sbox_d2: 
logic__882: 
logic__323: 
ODDR__mod: 
case__103: 
logic__434: 
case__17: 
logic__822: 
keep__17: 
logic__441: 
logic__465: 
case__42: 
logic__537: 
logic__453: 
reg__61: 
logic__857: 
case__109: 
case__115: 
logic__151: 
logic__130: 
case__116: 
reg__4: 
logic__443: 
reg__60: 
logic__836: 
logic__186: 
logic__459: 
reg__7: 
case: 
reg__59: 
case__45: 
logic__851: 
case__8: 
keep__40: 
logic__201: 
reg__86: 
logic__483: 
logic__273: 
logic__352: 
logic__265: 
reg__58: 
logic__530: 
reg__42: 
logic__233: 
logic__282: 
logic__810: 
logic__557: 
logic__527: 
keep__23: 
logic__440: 
case__38: 
logic__777: 
logic__964: 
logic__887: 
datapath__6: 
logic__437: 
logic__190: 
logic__762: 
reg__48: 
muxpart__5: 
case__91: 
logic__49: 
shareCreator: 
keep__39: 
keep__11: 
keep__2: 
logic__199: 
logic__283: 
case__88: 
logic__202: 
logic__165: 
reg__22: 
case__10: 
logic__521: 
keep__43: 
logic__897: 
case__20: 
logic__835: 
logic__821: 
logic__505: 
logic__534: 
reg__71: 
case__26: 
logic__477: 
case__104: 
logic__189: 
logic__42: 
logic__120: 
case__30: 
logic__235: 
reg__1: 
logic__292: 
logic__970: 
reg__70: 
reg__15: 
logic__285: 
reg__12: 
logic__411: 
logic__399: 
logic__249: 
keep__9: 
logic__312: 
logic__575: 
logic__489: 
logic__80: 
logic__727: 
reg__47: 
logic__59: 
keep__16: 
case__27: 
case__127: 
logic__270: 
reg__21: 
case__119: 
logic__415: 
muxpart__2: 
logic__264: 
logic__556: 
logic__281: 
reg: 
logic: 
logic__487: 
logic__455: 
reg__85: 
logic__542: 
logic__499: 
logic__778: 
logic__150: 
logic__313: 
logic__224: 
case__113: 
reg__6: 
logic__152: 
logic__426: 
logic__902: 
logic__536: 
logic__430: 
logic__311: 
logic__814: 
logic__71: 
logic__886: 
case__99: 
logic__461: 
reg__25: 
USR_ACCESSE2__mod: 
logic__480: 
case__22: 
logic__901: 
logic__401: 
logic__590: 
logic__969: 
case__132: 
logic__274: 
logic__463: 
logic__485: 
logic__98: 
keep__46: 
reg__41: 
logic__19: 
reg__18: 
logic__188: 
logic__329: 
logic__263: 
logic__948: 
reg__53: 
keep__24: 
logic__15: 
lfsr: 
reg__33: 
logic__296: 
logic__445: 
logic__522: 
logic__847: 
logic__578: 
datapath__9: 
logic__322: 
logic__854: 
logic__572: 
reg__81: 
logic__548: 
counter__2: 
keep__48: 
logic__494: 
logic__560: 
reg__66: 
keep__47: 
keep__13: 
logic__213: 
logic__955: 
reg__43: 
logic__852: 
logic__470: 
case__89: 
logic__906: 
case__19: 
keep__27: 
logic__174: 
logic__420: 
logic__404: 
keep__49: 
logic__294: 
muxpart__41: 
logic__457: 
logic__444: 
logic__566: 
case__92: 
logic__284: 
logic__196: 
reg__84: 
keep__15: 
logic__84: 
logic__343: 
keep__7: 
keep__12: 
case__29: 
case__105: 
logic__949: 
case__100: 
logic__94: 
logic__843: 
reg__16: 
logic__119: 
keep__26: 
case__16: 
counter: 
state_register: 
logic__432: 
logic__271: 
logic__896: 
logic__511: 
logic__971: 
reg__73: 
logic__957: 
logic__33: 
case__2: 
case__34: 
logic__442: 
reg__2: 
logic__246: 
logic__141: 
logic__523: 
logic__452: 
keep__3: 
logic__848: 
logic__409: 
logic__320: 
case__15: 
case__1: 
logic__126: 
logic__507: 
case__112: 
logic__223: 
keep__28: 
logic__558: 
logic__871: 
keep__21: 
logic__846: 
logic__24: 
logic__500: 
logic__842: 
logic__207: 
logic__429: 
logic__467: 
logic__950: 
case__95: 
logic__412: 
logic__450: 
reg__40: 
logic__546: 
reg__31: 
reg__49: 
logic__400: 
reg__83: 
keep__18: 
case__134: 
logic__849: 
logic__525: 
logic__844: 
logic__490: 
logic__538: 
case__23: 
case__3: 
logic__526: 
logic__128: 
case__18: 
logic__503: 
case__14: 
logic__723: 
logic__435: 
reg__44: 
logic__319: 
cw305_usb_reg_fe: 
case__24: 
logic__513: 
case__13: 
logic__581: 
case__106: 
logic__198: 
logic__132: 
reg__37: 
reg__45: 
logic__261: 
logic__552: 
datapath__7: 
logic__346: 
logic__332: 
logic__159: 
dsp48e1__2: 
logic__472: 
logic__761: 
logic__321: 
logic__431: 
logic__309: 
logic__55: 
case__6: 
logic__286: 
reg__77: 
case__124: 
logic__342: 
logic__512: 
logic__177: 
logic__345: 
logic__424: 
logic__586: 
logic__191: 
logic__333: 
logic__551: 
case__83: 
logic__197: 
reg__29: 
logic__166: 
logic__543: 
logic__214: 
logic__518: 
reg__72: 
logic__473: 
case__101: 
reg__82: 
logic__733: 
logic__187: 
logic__963: 
case__11: 
keep__37: 
case__46: 
logic__881: 
keep: 
logic__496: 
logic__876: 
case__31: 
logic__462: 
logic__176: 
logic__20: 
logic__293: 
logic__402: 
logic__215: 
logic__414: 
logic__469: 
logic__137: 
datapath__5: 
logic__479: 
case__44: 
logic__486: 
logic__517: 
muxpart__45: 
logic__21: 
logic__568: 
logic__861: 
clocks: 
logic__439: 
logic__466: 
keep__38: 
logic__143: 
case__130: 
logic__416: 
logic__225: 
case__118: 
logic__245: 
logic__862: 
muxpart__3: 
logic__815: 
logic__121: 
keep__31: 
datapath__3: 
logic__532: 
logic__520: 
logic__272: 
logic__529: 
logic__3: 
logic__564: 
case__47: 
logic__567: 
keep__41: 
logic__493: 
logic__828: 
logic__421: 
case__36: 
logic__968: 
case__4: 
logic__539: 
logic__454: 
reg__62: 
logic__726: 
logic__504: 
logic__423: 
logic__89: 
keep__8: 
logic__179: 
logic__138: 
logic__428: 
logic__478: 
case__102: 
logic__287: 
logic__573: 
case__85: 
logic__255: 
case__123: 
logic__474: 
keep__44: 
logic__212: 
ascon_top: 
logic__816: 
logic__845: 
dsp48e1__1: 
logic__956: 
IBUFG__mod: 
logic__498: 
logic__41: 
logic__418: 
case__107: 
muxpart__43: 
logic__308: 
keep__19: 
logic__244: 
logic__228: 
logic__239: 
logic__471: 
logic__168: 
reg__76: 
reg__38: 
logic__830: 
cw305_reg_ascon: 
logic__547: 
reg__69: 
logic__154: 
logic__958: 
logic__331: 
dsp48e1: 
case__33: 
logic__417: 
logic__140: 
keep__30: 
case__39: 
reg__68: 
logic__318: 
logic__544: 
logic__839: 
logic__584: 
logic__295: 
logic__74: 
logic__456: 
logic__247: 
reg__67: 
logic__550: 
muxpart__42: 
logic__149: 
logic__734: 
reg__10: 
case__111: 
logic__867: 
logic__554: 
logic__405: 
logic__407: 
logic__131: 
logic__508: 
logic__853: 
logic__310: 
logic__11: 
reg__9: 
logic__129: 
logic__476: 
logic__408: 
case__37: 
keep__34: 
logic__26: 
case__43: 
logic__403: 
logic__48: 
reg__36: 
keep__29: 
reg__78: 
logic__394: 
datapath: 
logic__35: 
case__35: 
logic__531: 
logic__106: 
logic__533: 
logic__730: 
logic__754: 
logic__65: 
logic__448: 
logic__732: 
logic__101: 
counter__1: 
logic__718: 
reg__14: 
logic__779: 
logic__535: 
keep__1: 
logic__30: 
logic__226: 
logic__809: 
case__93: 
logic__838: 
case__94: 
logic__481: 
BUFGMUX_CTRL__mod: 
logic__516: 
muxpart__44: 
logic__583: 
logic__425: 
case__5: 
case__120: 
datapath__1: 
logic__298: 
logic__351: 
logic__236: 
logic__139: 
logic__460: 
case__41: 
logic__7: 
muxpart__4: 
logic__528: 
BUFG__mod: 
logic__341: 
logic__892: 
logic__178: 
reg__23: 
