Information: Changed wire load model for 'ascon_sbox_d2' from '(none)' to 'ZeroWireload'. (OPT-170)
Information: Changed wire load model for 'ascon_sbox_d2' from '(none)' to 'ZeroWireload'. (OPT-170)
Information: Changed wire load model for 'ascon_sbox_d2' from '(none)' to 'ZeroWireload'. (OPT-170)
Information: Changed wire load model for 'ascon_sbox_d2' from '(none)' to 'ZeroWireload'. (OPT-170)
Information: Changed wire load model for 'ascon_sbox_d2' from '(none)' to 'ZeroWireload'. (OPT-170)
Information: Changed wire load model for 'ascon_sbox_d2' from '(none)' to 'ZeroWireload'. (OPT-170)
Information: Changed wire load model for 'shareCreator' from '(none)' to 'ZeroWireload'. (OPT-170)
Information: Changed wire load model for 'register' from '(none)' to 'ZeroWireload'. (OPT-170)
Information: Changed wire load model for 'register' from '(none)' to 'ZeroWireload'. (OPT-170)
Information: Changed wire load model for 'state_register' from '(none)' to 'ZeroWireload'. (OPT-170)
Information: Changed wire load model for 'fsm' from '(none)' to 'ZeroWireload'. (OPT-170)
Information: Updating design information... (UID-85)
Warning: Design 'ascon_top' contains 9 high-fanout nets. A fanout number of 1000 will be used for delay calculations involving these nets. (TIM-134)
 
****************************************
Report : port
Design : ascon_top
Version: R-2020.09-SP2
Date   : Wed Jun  4 11:26:10 2025
****************************************


                       Pin      Wire     Max     Max     Connection
Port           Dir     Load     Load     Trans   Cap     Class      Attrs
--------------------------------------------------------------------------------
EOT            in      0.0000   0.0000   --      --      --         
clk            in      0.0000   0.0000   --      --      --         
data_in[0]     in      0.0000   0.0000   --      --      --         
data_in[1]     in      0.0000   0.0000   --      --      --         
data_in[2]     in      0.0000   0.0000   --      --      --         
data_in[3]     in      0.0000   0.0000   --      --      --         
data_in[4]     in      0.0000   0.0000   --      --      --         
data_in[5]     in      0.0000   0.0000   --      --      --         
data_in[6]     in      0.0000   0.0000   --      --      --         
data_in[7]     in      0.0000   0.0000   --      --      --         
data_in[8]     in      0.0000   0.0000   --      --      --         
data_in[9]     in      0.0000   0.0000   --      --      --         
data_in[10]    in      0.0000   0.0000   --      --      --         
data_in[11]    in      0.0000   0.0000   --      --      --         
data_in[12]    in      0.0000   0.0000   --      --      --         
data_in[13]    in      0.0000   0.0000   --      --      --         
data_in[14]    in      0.0000   0.0000   --      --      --         
data_in[15]    in      0.0000   0.0000   --      --      --         
data_in[16]    in      0.0000   0.0000   --      --      --         
data_in[17]    in      0.0000   0.0000   --      --      --         
data_in[18]    in      0.0000   0.0000   --      --      --         
data_in[19]    in      0.0000   0.0000   --      --      --         
data_in[20]    in      0.0000   0.0000   --      --      --         
data_in[21]    in      0.0000   0.0000   --      --      --         
data_in[22]    in      0.0000   0.0000   --      --      --         
data_in[23]    in      0.0000   0.0000   --      --      --         
data_in[24]    in      0.0000   0.0000   --      --      --         
data_in[25]    in      0.0000   0.0000   --      --      --         
data_in[26]    in      0.0000   0.0000   --      --      --         
data_in[27]    in      0.0000   0.0000   --      --      --         
data_in[28]    in      0.0000   0.0000   --      --      --         
data_in[29]    in      0.0000   0.0000   --      --      --         
data_in[30]    in      0.0000   0.0000   --      --      --         
data_in[31]    in      0.0000   0.0000   --      --      --         
data_in[32]    in      0.0000   0.0000   --      --      --         
data_in[33]    in      0.0000   0.0000   --      --      --         
data_in[34]    in      0.0000   0.0000   --      --      --         
data_in[35]    in      0.0000   0.0000   --      --      --         
data_in[36]    in      0.0000   0.0000   --      --      --         
data_in[37]    in      0.0000   0.0000   --      --      --         
data_in[38]    in      0.0000   0.0000   --      --      --         
data_in[39]    in      0.0000   0.0000   --      --      --         
data_in[40]    in      0.0000   0.0000   --      --      --         
data_in[41]    in      0.0000   0.0000   --      --      --         
data_in[42]    in      0.0000   0.0000   --      --      --         
data_in[43]    in      0.0000   0.0000   --      --      --         
data_in[44]    in      0.0000   0.0000   --      --      --         
data_in[45]    in      0.0000   0.0000   --      --      --         
data_in[46]    in      0.0000   0.0000   --      --      --         
data_in[47]    in      0.0000   0.0000   --      --      --         
data_in[48]    in      0.0000   0.0000   --      --      --         
data_in[49]    in      0.0000   0.0000   --      --      --         
data_in[50]    in      0.0000   0.0000   --      --      --         
data_in[51]    in      0.0000   0.0000   --      --      --         
data_in[52]    in      0.0000   0.0000   --      --      --         
data_in[53]    in      0.0000   0.0000   --      --      --         
data_in[54]    in      0.0000   0.0000   --      --      --         
data_in[55]    in      0.0000   0.0000   --      --      --         
data_in[56]    in      0.0000   0.0000   --      --      --         
data_in[57]    in      0.0000   0.0000   --      --      --         
data_in[58]    in      0.0000   0.0000   --      --      --         
data_in[59]    in      0.0000   0.0000   --      --      --         
data_in[60]    in      0.0000   0.0000   --      --      --         
data_in[61]    in      0.0000   0.0000   --      --      --         
data_in[62]    in      0.0000   0.0000   --      --      --         
data_in[63]    in      0.0000   0.0000   --      --      --         
data_in[64]    in      0.0000   0.0000   --      --      --         
data_in[65]    in      0.0000   0.0000   --      --      --         
data_in[66]    in      0.0000   0.0000   --      --      --         
data_in[67]    in      0.0000   0.0000   --      --      --         
data_in[68]    in      0.0000   0.0000   --      --      --         
data_in[69]    in      0.0000   0.0000   --      --      --         
data_in[70]    in      0.0000   0.0000   --      --      --         
data_in[71]    in      0.0000   0.0000   --      --      --         
data_in[72]    in      0.0000   0.0000   --      --      --         
data_in[73]    in      0.0000   0.0000   --      --      --         
data_in[74]    in      0.0000   0.0000   --      --      --         
data_in[75]    in      0.0000   0.0000   --      --      --         
data_in[76]    in      0.0000   0.0000   --      --      --         
data_in[77]    in      0.0000   0.0000   --      --      --         
data_in[78]    in      0.0000   0.0000   --      --      --         
data_in[79]    in      0.0000   0.0000   --      --      --         
data_in[80]    in      0.0000   0.0000   --      --      --         
data_in[81]    in      0.0000   0.0000   --      --      --         
data_in[82]    in      0.0000   0.0000   --      --      --         
data_in[83]    in      0.0000   0.0000   --      --      --         
data_in[84]    in      0.0000   0.0000   --      --      --         
data_in[85]    in      0.0000   0.0000   --      --      --         
data_in[86]    in      0.0000   0.0000   --      --      --         
data_in[87]    in      0.0000   0.0000   --      --      --         
data_in[88]    in      0.0000   0.0000   --      --      --         
data_in[89]    in      0.0000   0.0000   --      --      --         
data_in[90]    in      0.0000   0.0000   --      --      --         
data_in[91]    in      0.0000   0.0000   --      --      --         
data_in[92]    in      0.0000   0.0000   --      --      --         
data_in[93]    in      0.0000   0.0000   --      --      --         
data_in[94]    in      0.0000   0.0000   --      --      --         
data_in[95]    in      0.0000   0.0000   --      --      --         
data_in[96]    in      0.0000   0.0000   --      --      --         
data_in[97]    in      0.0000   0.0000   --      --      --         
data_in[98]    in      0.0000   0.0000   --      --      --         
data_in[99]    in      0.0000   0.0000   --      --      --         
data_in[100]   in      0.0000   0.0000   --      --      --         
data_in[101]   in      0.0000   0.0000   --      --      --         
data_in[102]   in      0.0000   0.0000   --      --      --         
data_in[103]   in      0.0000   0.0000   --      --      --         
data_in[104]   in      0.0000   0.0000   --      --      --         
data_in[105]   in      0.0000   0.0000   --      --      --         
data_in[106]   in      0.0000   0.0000   --      --      --         
data_in[107]   in      0.0000   0.0000   --      --      --         
data_in[108]   in      0.0000   0.0000   --      --      --         
data_in[109]   in      0.0000   0.0000   --      --      --         
data_in[110]   in      0.0000   0.0000   --      --      --         
data_in[111]   in      0.0000   0.0000   --      --      --         
data_in[112]   in      0.0000   0.0000   --      --      --         
data_in[113]   in      0.0000   0.0000   --      --      --         
data_in[114]   in      0.0000   0.0000   --      --      --         
data_in[115]   in      0.0000   0.0000   --      --      --         
data_in[116]   in      0.0000   0.0000   --      --      --         
data_in[117]   in      0.0000   0.0000   --      --      --         
data_in[118]   in      0.0000   0.0000   --      --      --         
data_in[119]   in      0.0000   0.0000   --      --      --         
data_in[120]   in      0.0000   0.0000   --      --      --         
data_in[121]   in      0.0000   0.0000   --      --      --         
data_in[122]   in      0.0000   0.0000   --      --      --         
data_in[123]   in      0.0000   0.0000   --      --      --         
data_in[124]   in      0.0000   0.0000   --      --      --         
data_in[125]   in      0.0000   0.0000   --      --      --         
data_in[126]   in      0.0000   0.0000   --      --      --         
data_in[127]   in      0.0000   0.0000   --      --      --         
initialVector[0]
               in      0.0000   0.0000   --      --      --         
initialVector[1]
               in      0.0000   0.0000   --      --      --         
initialVector[2]
               in      0.0000   0.0000   --      --      --         
initialVector[3]
               in      0.0000   0.0000   --      --      --         
initialVector[4]
               in      0.0000   0.0000   --      --      --         
initialVector[5]
               in      0.0000   0.0000   --      --      --         
initialVector[6]
               in      0.0000   0.0000   --      --      --         
initialVector[7]
               in      0.0000   0.0000   --      --      --         
initialVector[8]
               in      0.0000   0.0000   --      --      --         
initialVector[9]
               in      0.0000   0.0000   --      --      --         
initialVector[10]
               in      0.0000   0.0000   --      --      --         
initialVector[11]
               in      0.0000   0.0000   --      --      --         
initialVector[12]
               in      0.0000   0.0000   --      --      --         
initialVector[13]
               in      0.0000   0.0000   --      --      --         
initialVector[14]
               in      0.0000   0.0000   --      --      --         
initialVector[15]
               in      0.0000   0.0000   --      --      --         
initialVector[16]
               in      0.0000   0.0000   --      --      --         
initialVector[17]
               in      0.0000   0.0000   --      --      --         
initialVector[18]
               in      0.0000   0.0000   --      --      --         
initialVector[19]
               in      0.0000   0.0000   --      --      --         
initialVector[20]
               in      0.0000   0.0000   --      --      --         
initialVector[21]
               in      0.0000   0.0000   --      --      --         
initialVector[22]
               in      0.0000   0.0000   --      --      --         
initialVector[23]
               in      0.0000   0.0000   --      --      --         
initialVector[24]
               in      0.0000   0.0000   --      --      --         
initialVector[25]
               in      0.0000   0.0000   --      --      --         
initialVector[26]
               in      0.0000   0.0000   --      --      --         
initialVector[27]
               in      0.0000   0.0000   --      --      --         
initialVector[28]
               in      0.0000   0.0000   --      --      --         
initialVector[29]
               in      0.0000   0.0000   --      --      --         
initialVector[30]
               in      0.0000   0.0000   --      --      --         
initialVector[31]
               in      0.0000   0.0000   --      --      --         
initialVector[32]
               in      0.0000   0.0000   --      --      --         
initialVector[33]
               in      0.0000   0.0000   --      --      --         
initialVector[34]
               in      0.0000   0.0000   --      --      --         
initialVector[35]
               in      0.0000   0.0000   --      --      --         
initialVector[36]
               in      0.0000   0.0000   --      --      --         
initialVector[37]
               in      0.0000   0.0000   --      --      --         
initialVector[38]
               in      0.0000   0.0000   --      --      --         
initialVector[39]
               in      0.0000   0.0000   --      --      --         
initialVector[40]
               in      0.0000   0.0000   --      --      --         
initialVector[41]
               in      0.0000   0.0000   --      --      --         
initialVector[42]
               in      0.0000   0.0000   --      --      --         
initialVector[43]
               in      0.0000   0.0000   --      --      --         
initialVector[44]
               in      0.0000   0.0000   --      --      --         
initialVector[45]
               in      0.0000   0.0000   --      --      --         
initialVector[46]
               in      0.0000   0.0000   --      --      --         
initialVector[47]
               in      0.0000   0.0000   --      --      --         
initialVector[48]
               in      0.0000   0.0000   --      --      --         
initialVector[49]
               in      0.0000   0.0000   --      --      --         
initialVector[50]
               in      0.0000   0.0000   --      --      --         
initialVector[51]
               in      0.0000   0.0000   --      --      --         
initialVector[52]
               in      0.0000   0.0000   --      --      --         
initialVector[53]
               in      0.0000   0.0000   --      --      --         
initialVector[54]
               in      0.0000   0.0000   --      --      --         
initialVector[55]
               in      0.0000   0.0000   --      --      --         
initialVector[56]
               in      0.0000   0.0000   --      --      --         
initialVector[57]
               in      0.0000   0.0000   --      --      --         
initialVector[58]
               in      0.0000   0.0000   --      --      --         
initialVector[59]
               in      0.0000   0.0000   --      --      --         
initialVector[60]
               in      0.0000   0.0000   --      --      --         
initialVector[61]
               in      0.0000   0.0000   --      --      --         
initialVector[62]
               in      0.0000   0.0000   --      --      --         
initialVector[63]
               in      0.0000   0.0000   --      --      --         
key1[0]        in      0.0000   0.0000   --      --      --         
key1[1]        in      0.0000   0.0000   --      --      --         
key1[2]        in      0.0000   0.0000   --      --      --         
key1[3]        in      0.0000   0.0000   --      --      --         
key1[4]        in      0.0000   0.0000   --      --      --         
key1[5]        in      0.0000   0.0000   --      --      --         
key1[6]        in      0.0000   0.0000   --      --      --         
key1[7]        in      0.0000   0.0000   --      --      --         
key1[8]        in      0.0000   0.0000   --      --      --         
key1[9]        in      0.0000   0.0000   --      --      --         
key1[10]       in      0.0000   0.0000   --      --      --         
key1[11]       in      0.0000   0.0000   --      --      --         
key1[12]       in      0.0000   0.0000   --      --      --         
key1[13]       in      0.0000   0.0000   --      --      --         
key1[14]       in      0.0000   0.0000   --      --      --         
key1[15]       in      0.0000   0.0000   --      --      --         
key1[16]       in      0.0000   0.0000   --      --      --         
key1[17]       in      0.0000   0.0000   --      --      --         
key1[18]       in      0.0000   0.0000   --      --      --         
key1[19]       in      0.0000   0.0000   --      --      --         
key1[20]       in      0.0000   0.0000   --      --      --         
key1[21]       in      0.0000   0.0000   --      --      --         
key1[22]       in      0.0000   0.0000   --      --      --         
key1[23]       in      0.0000   0.0000   --      --      --         
key1[24]       in      0.0000   0.0000   --      --      --         
key1[25]       in      0.0000   0.0000   --      --      --         
key1[26]       in      0.0000   0.0000   --      --      --         
key1[27]       in      0.0000   0.0000   --      --      --         
key1[28]       in      0.0000   0.0000   --      --      --         
key1[29]       in      0.0000   0.0000   --      --      --         
key1[30]       in      0.0000   0.0000   --      --      --         
key1[31]       in      0.0000   0.0000   --      --      --         
key1[32]       in      0.0000   0.0000   --      --      --         
key1[33]       in      0.0000   0.0000   --      --      --         
key1[34]       in      0.0000   0.0000   --      --      --         
key1[35]       in      0.0000   0.0000   --      --      --         
key1[36]       in      0.0000   0.0000   --      --      --         
key1[37]       in      0.0000   0.0000   --      --      --         
key1[38]       in      0.0000   0.0000   --      --      --         
key1[39]       in      0.0000   0.0000   --      --      --         
key1[40]       in      0.0000   0.0000   --      --      --         
key1[41]       in      0.0000   0.0000   --      --      --         
key1[42]       in      0.0000   0.0000   --      --      --         
key1[43]       in      0.0000   0.0000   --      --      --         
key1[44]       in      0.0000   0.0000   --      --      --         
key1[45]       in      0.0000   0.0000   --      --      --         
key1[46]       in      0.0000   0.0000   --      --      --         
key1[47]       in      0.0000   0.0000   --      --      --         
key1[48]       in      0.0000   0.0000   --      --      --         
key1[49]       in      0.0000   0.0000   --      --      --         
key1[50]       in      0.0000   0.0000   --      --      --         
key1[51]       in      0.0000   0.0000   --      --      --         
key1[52]       in      0.0000   0.0000   --      --      --         
key1[53]       in      0.0000   0.0000   --      --      --         
key1[54]       in      0.0000   0.0000   --      --      --         
key1[55]       in      0.0000   0.0000   --      --      --         
key1[56]       in      0.0000   0.0000   --      --      --         
key1[57]       in      0.0000   0.0000   --      --      --         
key1[58]       in      0.0000   0.0000   --      --      --         
key1[59]       in      0.0000   0.0000   --      --      --         
key1[60]       in      0.0000   0.0000   --      --      --         
key1[61]       in      0.0000   0.0000   --      --      --         
key1[62]       in      0.0000   0.0000   --      --      --         
key1[63]       in      0.0000   0.0000   --      --      --         
key2[0]        in      0.0000   0.0000   --      --      --         
key2[1]        in      0.0000   0.0000   --      --      --         
key2[2]        in      0.0000   0.0000   --      --      --         
key2[3]        in      0.0000   0.0000   --      --      --         
key2[4]        in      0.0000   0.0000   --      --      --         
key2[5]        in      0.0000   0.0000   --      --      --         
key2[6]        in      0.0000   0.0000   --      --      --         
key2[7]        in      0.0000   0.0000   --      --      --         
key2[8]        in      0.0000   0.0000   --      --      --         
key2[9]        in      0.0000   0.0000   --      --      --         
key2[10]       in      0.0000   0.0000   --      --      --         
key2[11]       in      0.0000   0.0000   --      --      --         
key2[12]       in      0.0000   0.0000   --      --      --         
key2[13]       in      0.0000   0.0000   --      --      --         
key2[14]       in      0.0000   0.0000   --      --      --         
key2[15]       in      0.0000   0.0000   --      --      --         
key2[16]       in      0.0000   0.0000   --      --      --         
key2[17]       in      0.0000   0.0000   --      --      --         
key2[18]       in      0.0000   0.0000   --      --      --         
key2[19]       in      0.0000   0.0000   --      --      --         
key2[20]       in      0.0000   0.0000   --      --      --         
key2[21]       in      0.0000   0.0000   --      --      --         
key2[22]       in      0.0000   0.0000   --      --      --         
key2[23]       in      0.0000   0.0000   --      --      --         
key2[24]       in      0.0000   0.0000   --      --      --         
key2[25]       in      0.0000   0.0000   --      --      --         
key2[26]       in      0.0000   0.0000   --      --      --         
key2[27]       in      0.0000   0.0000   --      --      --         
key2[28]       in      0.0000   0.0000   --      --      --         
key2[29]       in      0.0000   0.0000   --      --      --         
key2[30]       in      0.0000   0.0000   --      --      --         
key2[31]       in      0.0000   0.0000   --      --      --         
key2[32]       in      0.0000   0.0000   --      --      --         
key2[33]       in      0.0000   0.0000   --      --      --         
key2[34]       in      0.0000   0.0000   --      --      --         
key2[35]       in      0.0000   0.0000   --      --      --         
key2[36]       in      0.0000   0.0000   --      --      --         
key2[37]       in      0.0000   0.0000   --      --      --         
key2[38]       in      0.0000   0.0000   --      --      --         
key2[39]       in      0.0000   0.0000   --      --      --         
key2[40]       in      0.0000   0.0000   --      --      --         
key2[41]       in      0.0000   0.0000   --      --      --         
key2[42]       in      0.0000   0.0000   --      --      --         
key2[43]       in      0.0000   0.0000   --      --      --         
key2[44]       in      0.0000   0.0000   --      --      --         
key2[45]       in      0.0000   0.0000   --      --      --         
key2[46]       in      0.0000   0.0000   --      --      --         
key2[47]       in      0.0000   0.0000   --      --      --         
key2[48]       in      0.0000   0.0000   --      --      --         
key2[49]       in      0.0000   0.0000   --      --      --         
key2[50]       in      0.0000   0.0000   --      --      --         
key2[51]       in      0.0000   0.0000   --      --      --         
key2[52]       in      0.0000   0.0000   --      --      --         
key2[53]       in      0.0000   0.0000   --      --      --         
key2[54]       in      0.0000   0.0000   --      --      --         
key2[55]       in      0.0000   0.0000   --      --      --         
key2[56]       in      0.0000   0.0000   --      --      --         
key2[57]       in      0.0000   0.0000   --      --      --         
key2[58]       in      0.0000   0.0000   --      --      --         
key2[59]       in      0.0000   0.0000   --      --      --         
key2[60]       in      0.0000   0.0000   --      --      --         
key2[61]       in      0.0000   0.0000   --      --      --         
key2[62]       in      0.0000   0.0000   --      --      --         
key2[63]       in      0.0000   0.0000   --      --      --         
key_valid      in      0.0000   0.0000   --      --      --         
last_block     in      0.0000   0.0000   --      --      --         
nonce1[0]      in      0.0000   0.0000   --      --      --         
nonce1[1]      in      0.0000   0.0000   --      --      --         
nonce1[2]      in      0.0000   0.0000   --      --      --         
nonce1[3]      in      0.0000   0.0000   --      --      --         
nonce1[4]      in      0.0000   0.0000   --      --      --         
nonce1[5]      in      0.0000   0.0000   --      --      --         
nonce1[6]      in      0.0000   0.0000   --      --      --         
nonce1[7]      in      0.0000   0.0000   --      --      --         
nonce1[8]      in      0.0000   0.0000   --      --      --         
nonce1[9]      in      0.0000   0.0000   --      --      --         
nonce1[10]     in      0.0000   0.0000   --      --      --         
nonce1[11]     in      0.0000   0.0000   --      --      --         
nonce1[12]     in      0.0000   0.0000   --      --      --         
nonce1[13]     in      0.0000   0.0000   --      --      --         
nonce1[14]     in      0.0000   0.0000   --      --      --         
nonce1[15]     in      0.0000   0.0000   --      --      --         
nonce1[16]     in      0.0000   0.0000   --      --      --         
nonce1[17]     in      0.0000   0.0000   --      --      --         
nonce1[18]     in      0.0000   0.0000   --      --      --         
nonce1[19]     in      0.0000   0.0000   --      --      --         
nonce1[20]     in      0.0000   0.0000   --      --      --         
nonce1[21]     in      0.0000   0.0000   --      --      --         
nonce1[22]     in      0.0000   0.0000   --      --      --         
nonce1[23]     in      0.0000   0.0000   --      --      --         
nonce1[24]     in      0.0000   0.0000   --      --      --         
nonce1[25]     in      0.0000   0.0000   --      --      --         
nonce1[26]     in      0.0000   0.0000   --      --      --         
nonce1[27]     in      0.0000   0.0000   --      --      --         
nonce1[28]     in      0.0000   0.0000   --      --      --         
nonce1[29]     in      0.0000   0.0000   --      --      --         
nonce1[30]     in      0.0000   0.0000   --      --      --         
nonce1[31]     in      0.0000   0.0000   --      --      --         
nonce1[32]     in      0.0000   0.0000   --      --      --         
nonce1[33]     in      0.0000   0.0000   --      --      --         
nonce1[34]     in      0.0000   0.0000   --      --      --         
nonce1[35]     in      0.0000   0.0000   --      --      --         
nonce1[36]     in      0.0000   0.0000   --      --      --         
nonce1[37]     in      0.0000   0.0000   --      --      --         
nonce1[38]     in      0.0000   0.0000   --      --      --         
nonce1[39]     in      0.0000   0.0000   --      --      --         
nonce1[40]     in      0.0000   0.0000   --      --      --         
nonce1[41]     in      0.0000   0.0000   --      --      --         
nonce1[42]     in      0.0000   0.0000   --      --      --         
nonce1[43]     in      0.0000   0.0000   --      --      --         
nonce1[44]     in      0.0000   0.0000   --      --      --         
nonce1[45]     in      0.0000   0.0000   --      --      --         
nonce1[46]     in      0.0000   0.0000   --      --      --         
nonce1[47]     in      0.0000   0.0000   --      --      --         
nonce1[48]     in      0.0000   0.0000   --      --      --         
nonce1[49]     in      0.0000   0.0000   --      --      --         
nonce1[50]     in      0.0000   0.0000   --      --      --         
nonce1[51]     in      0.0000   0.0000   --      --      --         
nonce1[52]     in      0.0000   0.0000   --      --      --         
nonce1[53]     in      0.0000   0.0000   --      --      --         
nonce1[54]     in      0.0000   0.0000   --      --      --         
nonce1[55]     in      0.0000   0.0000   --      --      --         
nonce1[56]     in      0.0000   0.0000   --      --      --         
nonce1[57]     in      0.0000   0.0000   --      --      --         
nonce1[58]     in      0.0000   0.0000   --      --      --         
nonce1[59]     in      0.0000   0.0000   --      --      --         
nonce1[60]     in      0.0000   0.0000   --      --      --         
nonce1[61]     in      0.0000   0.0000   --      --      --         
nonce1[62]     in      0.0000   0.0000   --      --      --         
nonce1[63]     in      0.0000   0.0000   --      --      --         
nonce2[0]      in      0.0000   0.0000   --      --      --         
nonce2[1]      in      0.0000   0.0000   --      --      --         
nonce2[2]      in      0.0000   0.0000   --      --      --         
nonce2[3]      in      0.0000   0.0000   --      --      --         
nonce2[4]      in      0.0000   0.0000   --      --      --         
nonce2[5]      in      0.0000   0.0000   --      --      --         
nonce2[6]      in      0.0000   0.0000   --      --      --         
nonce2[7]      in      0.0000   0.0000   --      --      --         
nonce2[8]      in      0.0000   0.0000   --      --      --         
nonce2[9]      in      0.0000   0.0000   --      --      --         
nonce2[10]     in      0.0000   0.0000   --      --      --         
nonce2[11]     in      0.0000   0.0000   --      --      --         
nonce2[12]     in      0.0000   0.0000   --      --      --         
nonce2[13]     in      0.0000   0.0000   --      --      --         
nonce2[14]     in      0.0000   0.0000   --      --      --         
nonce2[15]     in      0.0000   0.0000   --      --      --         
nonce2[16]     in      0.0000   0.0000   --      --      --         
nonce2[17]     in      0.0000   0.0000   --      --      --         
nonce2[18]     in      0.0000   0.0000   --      --      --         
nonce2[19]     in      0.0000   0.0000   --      --      --         
nonce2[20]     in      0.0000   0.0000   --      --      --         
nonce2[21]     in      0.0000   0.0000   --      --      --         
nonce2[22]     in      0.0000   0.0000   --      --      --         
nonce2[23]     in      0.0000   0.0000   --      --      --         
nonce2[24]     in      0.0000   0.0000   --      --      --         
nonce2[25]     in      0.0000   0.0000   --      --      --         
nonce2[26]     in      0.0000   0.0000   --      --      --         
nonce2[27]     in      0.0000   0.0000   --      --      --         
nonce2[28]     in      0.0000   0.0000   --      --      --         
nonce2[29]     in      0.0000   0.0000   --      --      --         
nonce2[30]     in      0.0000   0.0000   --      --      --         
nonce2[31]     in      0.0000   0.0000   --      --      --         
nonce2[32]     in      0.0000   0.0000   --      --      --         
nonce2[33]     in      0.0000   0.0000   --      --      --         
nonce2[34]     in      0.0000   0.0000   --      --      --         
nonce2[35]     in      0.0000   0.0000   --      --      --         
nonce2[36]     in      0.0000   0.0000   --      --      --         
nonce2[37]     in      0.0000   0.0000   --      --      --         
nonce2[38]     in      0.0000   0.0000   --      --      --         
nonce2[39]     in      0.0000   0.0000   --      --      --         
nonce2[40]     in      0.0000   0.0000   --      --      --         
nonce2[41]     in      0.0000   0.0000   --      --      --         
nonce2[42]     in      0.0000   0.0000   --      --      --         
nonce2[43]     in      0.0000   0.0000   --      --      --         
nonce2[44]     in      0.0000   0.0000   --      --      --         
nonce2[45]     in      0.0000   0.0000   --      --      --         
nonce2[46]     in      0.0000   0.0000   --      --      --         
nonce2[47]     in      0.0000   0.0000   --      --      --         
nonce2[48]     in      0.0000   0.0000   --      --      --         
nonce2[49]     in      0.0000   0.0000   --      --      --         
nonce2[50]     in      0.0000   0.0000   --      --      --         
nonce2[51]     in      0.0000   0.0000   --      --      --         
nonce2[52]     in      0.0000   0.0000   --      --      --         
nonce2[53]     in      0.0000   0.0000   --      --      --         
nonce2[54]     in      0.0000   0.0000   --      --      --         
nonce2[55]     in      0.0000   0.0000   --      --      --         
nonce2[56]     in      0.0000   0.0000   --      --      --         
nonce2[57]     in      0.0000   0.0000   --      --      --         
nonce2[58]     in      0.0000   0.0000   --      --      --         
nonce2[59]     in      0.0000   0.0000   --      --      --         
nonce2[60]     in      0.0000   0.0000   --      --      --         
nonce2[61]     in      0.0000   0.0000   --      --      --         
nonce2[62]     in      0.0000   0.0000   --      --      --         
nonce2[63]     in      0.0000   0.0000   --      --      --         
random_masks[0]
               in      0.0000   0.0000   --      --      --         
random_masks[1]
               in      0.0000   0.0000   --      --      --         
random_masks[2]
               in      0.0000   0.0000   --      --      --         
random_masks[3]
               in      0.0000   0.0000   --      --      --         
random_masks[4]
               in      0.0000   0.0000   --      --      --         
random_masks[5]
               in      0.0000   0.0000   --      --      --         
random_masks[6]
               in      0.0000   0.0000   --      --      --         
random_masks[7]
               in      0.0000   0.0000   --      --      --         
random_masks[8]
               in      0.0000   0.0000   --      --      --         
random_masks[9]
               in      0.0000   0.0000   --      --      --         
random_masks[10]
               in      0.0000   0.0000   --      --      --         
random_masks[11]
               in      0.0000   0.0000   --      --      --         
random_masks[12]
               in      0.0000   0.0000   --      --      --         
random_masks[13]
               in      0.0000   0.0000   --      --      --         
random_masks[14]
               in      0.0000   0.0000   --      --      --         
random_masks[15]
               in      0.0000   0.0000   --      --      --         
random_masks[16]
               in      0.0000   0.0000   --      --      --         
random_masks[17]
               in      0.0000   0.0000   --      --      --         
random_masks[18]
               in      0.0000   0.0000   --      --      --         
random_masks[19]
               in      0.0000   0.0000   --      --      --         
random_masks[20]
               in      0.0000   0.0000   --      --      --         
random_masks[21]
               in      0.0000   0.0000   --      --      --         
random_masks[22]
               in      0.0000   0.0000   --      --      --         
random_masks[23]
               in      0.0000   0.0000   --      --      --         
random_masks[24]
               in      0.0000   0.0000   --      --      --         
random_masks[25]
               in      0.0000   0.0000   --      --      --         
random_masks[26]
               in      0.0000   0.0000   --      --      --         
random_masks[27]
               in      0.0000   0.0000   --      --      --         
random_masks[28]
               in      0.0000   0.0000   --      --      --         
random_masks[29]
               in      0.0000   0.0000   --      --      --         
random_masks[30]
               in      0.0000   0.0000   --      --      --         
random_masks[31]
               in      0.0000   0.0000   --      --      --         
random_masks[32]
               in      0.0000   0.0000   --      --      --         
random_masks[33]
               in      0.0000   0.0000   --      --      --         
random_masks[34]
               in      0.0000   0.0000   --      --      --         
random_masks[35]
               in      0.0000   0.0000   --      --      --         
random_masks[36]
               in      0.0000   0.0000   --      --      --         
random_masks[37]
               in      0.0000   0.0000   --      --      --         
random_masks[38]
               in      0.0000   0.0000   --      --      --         
random_masks[39]
               in      0.0000   0.0000   --      --      --         
random_masks[40]
               in      0.0000   0.0000   --      --      --         
random_masks[41]
               in      0.0000   0.0000   --      --      --         
random_masks[42]
               in      0.0000   0.0000   --      --      --         
random_masks[43]
               in      0.0000   0.0000   --      --      --         
random_masks[44]
               in      0.0000   0.0000   --      --      --         
random_masks[45]
               in      0.0000   0.0000   --      --      --         
random_masks[46]
               in      0.0000   0.0000   --      --      --         
random_masks[47]
               in      0.0000   0.0000   --      --      --         
random_masks[48]
               in      0.0000   0.0000   --      --      --         
random_masks[49]
               in      0.0000   0.0000   --      --      --         
random_masks[50]
               in      0.0000   0.0000   --      --      --         
random_masks[51]
               in      0.0000   0.0000   --      --      --         
random_masks[52]
               in      0.0000   0.0000   --      --      --         
random_masks[53]
               in      0.0000   0.0000   --      --      --         
random_masks[54]
               in      0.0000   0.0000   --      --      --         
random_masks[55]
               in      0.0000   0.0000   --      --      --         
random_masks[56]
               in      0.0000   0.0000   --      --      --         
random_masks[57]
               in      0.0000   0.0000   --      --      --         
random_masks[58]
               in      0.0000   0.0000   --      --      --         
random_masks[59]
               in      0.0000   0.0000   --      --      --         
random_masks[60]
               in      0.0000   0.0000   --      --      --         
random_masks[61]
               in      0.0000   0.0000   --      --      --         
random_masks[62]
               in      0.0000   0.0000   --      --      --         
random_masks[63]
               in      0.0000   0.0000   --      --      --         
random_masks[64]
               in      0.0000   0.0000   --      --      --         
random_masks[65]
               in      0.0000   0.0000   --      --      --         
random_masks[66]
               in      0.0000   0.0000   --      --      --         
random_masks[67]
               in      0.0000   0.0000   --      --      --         
random_masks[68]
               in      0.0000   0.0000   --      --      --         
random_masks[69]
               in      0.0000   0.0000   --      --      --         
random_masks[70]
               in      0.0000   0.0000   --      --      --         
random_masks[71]
               in      0.0000   0.0000   --      --      --         
random_masks[72]
               in      0.0000   0.0000   --      --      --         
random_masks[73]
               in      0.0000   0.0000   --      --      --         
random_masks[74]
               in      0.0000   0.0000   --      --      --         
random_masks[75]
               in      0.0000   0.0000   --      --      --         
random_masks[76]
               in      0.0000   0.0000   --      --      --         
random_masks[77]
               in      0.0000   0.0000   --      --      --         
random_masks[78]
               in      0.0000   0.0000   --      --      --         
random_masks[79]
               in      0.0000   0.0000   --      --      --         
random_masks[80]
               in      0.0000   0.0000   --      --      --         
random_masks[81]
               in      0.0000   0.0000   --      --      --         
random_masks[82]
               in      0.0000   0.0000   --      --      --         
random_masks[83]
               in      0.0000   0.0000   --      --      --         
random_masks[84]
               in      0.0000   0.0000   --      --      --         
random_masks[85]
               in      0.0000   0.0000   --      --      --         
random_masks[86]
               in      0.0000   0.0000   --      --      --         
random_masks[87]
               in      0.0000   0.0000   --      --      --         
random_masks[88]
               in      0.0000   0.0000   --      --      --         
random_masks[89]
               in      0.0000   0.0000   --      --      --         
random_masks[90]
               in      0.0000   0.0000   --      --      --         
random_masks[91]
               in      0.0000   0.0000   --      --      --         
random_masks[92]
               in      0.0000   0.0000   --      --      --         
random_masks[93]
               in      0.0000   0.0000   --      --      --         
random_masks[94]
               in      0.0000   0.0000   --      --      --         
random_masks[95]
               in      0.0000   0.0000   --      --      --         
random_masks[96]
               in      0.0000   0.0000   --      --      --         
random_masks[97]
               in      0.0000   0.0000   --      --      --         
random_masks[98]
               in      0.0000   0.0000   --      --      --         
random_masks[99]
               in      0.0000   0.0000   --      --      --         
random_masks[100]
               in      0.0000   0.0000   --      --      --         
random_masks[101]
               in      0.0000   0.0000   --      --      --         
random_masks[102]
               in      0.0000   0.0000   --      --      --         
random_masks[103]
               in      0.0000   0.0000   --      --      --         
random_masks[104]
               in      0.0000   0.0000   --      --      --         
random_masks[105]
               in      0.0000   0.0000   --      --      --         
random_masks[106]
               in      0.0000   0.0000   --      --      --         
random_masks[107]
               in      0.0000   0.0000   --      --      --         
random_masks[108]
               in      0.0000   0.0000   --      --      --         
random_masks[109]
               in      0.0000   0.0000   --      --      --         
random_masks[110]
               in      0.0000   0.0000   --      --      --         
random_masks[111]
               in      0.0000   0.0000   --      --      --         
random_masks[112]
               in      0.0000   0.0000   --      --      --         
random_masks[113]
               in      0.0000   0.0000   --      --      --         
random_masks[114]
               in      0.0000   0.0000   --      --      --         
random_masks[115]
               in      0.0000   0.0000   --      --      --         
random_masks[116]
               in      0.0000   0.0000   --      --      --         
random_masks[117]
               in      0.0000   0.0000   --      --      --         
random_masks[118]
               in      0.0000   0.0000   --      --      --         
random_masks[119]
               in      0.0000   0.0000   --      --      --         
random_masks[120]
               in      0.0000   0.0000   --      --      --         
random_masks[121]
               in      0.0000   0.0000   --      --      --         
random_masks[122]
               in      0.0000   0.0000   --      --      --         
random_masks[123]
               in      0.0000   0.0000   --      --      --         
random_masks[124]
               in      0.0000   0.0000   --      --      --         
random_masks[125]
               in      0.0000   0.0000   --      --      --         
random_masks[126]
               in      0.0000   0.0000   --      --      --         
random_masks[127]
               in      0.0000   0.0000   --      --      --         
random_masks[128]
               in      0.0000   0.0000   --      --      --         
random_masks[129]
               in      0.0000   0.0000   --      --      --         
random_masks[130]
               in      0.0000   0.0000   --      --      --         
random_masks[131]
               in      0.0000   0.0000   --      --      --         
random_masks[132]
               in      0.0000   0.0000   --      --      --         
random_masks[133]
               in      0.0000   0.0000   --      --      --         
random_masks[134]
               in      0.0000   0.0000   --      --      --         
random_masks[135]
               in      0.0000   0.0000   --      --      --         
random_masks[136]
               in      0.0000   0.0000   --      --      --         
random_masks[137]
               in      0.0000   0.0000   --      --      --         
random_masks[138]
               in      0.0000   0.0000   --      --      --         
random_masks[139]
               in      0.0000   0.0000   --      --      --         
random_masks[140]
               in      0.0000   0.0000   --      --      --         
random_masks[141]
               in      0.0000   0.0000   --      --      --         
random_masks[142]
               in      0.0000   0.0000   --      --      --         
random_masks[143]
               in      0.0000   0.0000   --      --      --         
random_masks[144]
               in      0.0000   0.0000   --      --      --         
random_masks[145]
               in      0.0000   0.0000   --      --      --         
random_masks[146]
               in      0.0000   0.0000   --      --      --         
random_masks[147]
               in      0.0000   0.0000   --      --      --         
random_masks[148]
               in      0.0000   0.0000   --      --      --         
random_masks[149]
               in      0.0000   0.0000   --      --      --         
random_masks[150]
               in      0.0000   0.0000   --      --      --         
random_masks[151]
               in      0.0000   0.0000   --      --      --         
random_masks[152]
               in      0.0000   0.0000   --      --      --         
random_masks[153]
               in      0.0000   0.0000   --      --      --         
random_masks[154]
               in      0.0000   0.0000   --      --      --         
random_masks[155]
               in      0.0000   0.0000   --      --      --         
random_masks[156]
               in      0.0000   0.0000   --      --      --         
random_masks[157]
               in      0.0000   0.0000   --      --      --         
random_masks[158]
               in      0.0000   0.0000   --      --      --         
random_masks[159]
               in      0.0000   0.0000   --      --      --         
random_masks[160]
               in      0.0000   0.0000   --      --      --         
random_masks[161]
               in      0.0000   0.0000   --      --      --         
random_masks[162]
               in      0.0000   0.0000   --      --      --         
random_masks[163]
               in      0.0000   0.0000   --      --      --         
random_masks[164]
               in      0.0000   0.0000   --      --      --         
random_masks[165]
               in      0.0000   0.0000   --      --      --         
random_masks[166]
               in      0.0000   0.0000   --      --      --         
random_masks[167]
               in      0.0000   0.0000   --      --      --         
random_masks[168]
               in      0.0000   0.0000   --      --      --         
random_masks[169]
               in      0.0000   0.0000   --      --      --         
random_masks[170]
               in      0.0000   0.0000   --      --      --         
random_masks[171]
               in      0.0000   0.0000   --      --      --         
random_masks[172]
               in      0.0000   0.0000   --      --      --         
random_masks[173]
               in      0.0000   0.0000   --      --      --         
random_masks[174]
               in      0.0000   0.0000   --      --      --         
random_masks[175]
               in      0.0000   0.0000   --      --      --         
random_masks[176]
               in      0.0000   0.0000   --      --      --         
random_masks[177]
               in      0.0000   0.0000   --      --      --         
random_masks[178]
               in      0.0000   0.0000   --      --      --         
random_masks[179]
               in      0.0000   0.0000   --      --      --         
random_masks[180]
               in      0.0000   0.0000   --      --      --         
random_masks[181]
               in      0.0000   0.0000   --      --      --         
random_masks[182]
               in      0.0000   0.0000   --      --      --         
random_masks[183]
               in      0.0000   0.0000   --      --      --         
random_masks[184]
               in      0.0000   0.0000   --      --      --         
random_masks[185]
               in      0.0000   0.0000   --      --      --         
random_masks[186]
               in      0.0000   0.0000   --      --      --         
random_masks[187]
               in      0.0000   0.0000   --      --      --         
random_masks[188]
               in      0.0000   0.0000   --      --      --         
random_masks[189]
               in      0.0000   0.0000   --      --      --         
random_masks[190]
               in      0.0000   0.0000   --      --      --         
random_masks[191]
               in      0.0000   0.0000   --      --      --         
random_masks[192]
               in      0.0000   0.0000   --      --      --         
random_masks[193]
               in      0.0000   0.0000   --      --      --         
random_masks[194]
               in      0.0000   0.0000   --      --      --         
random_masks[195]
               in      0.0000   0.0000   --      --      --         
random_masks[196]
               in      0.0000   0.0000   --      --      --         
random_masks[197]
               in      0.0000   0.0000   --      --      --         
random_masks[198]
               in      0.0000   0.0000   --      --      --         
random_masks[199]
               in      0.0000   0.0000   --      --      --         
random_masks[200]
               in      0.0000   0.0000   --      --      --         
random_masks[201]
               in      0.0000   0.0000   --      --      --         
random_masks[202]
               in      0.0000   0.0000   --      --      --         
random_masks[203]
               in      0.0000   0.0000   --      --      --         
random_masks[204]
               in      0.0000   0.0000   --      --      --         
random_masks[205]
               in      0.0000   0.0000   --      --      --         
random_masks[206]
               in      0.0000   0.0000   --      --      --         
random_masks[207]
               in      0.0000   0.0000   --      --      --         
random_masks[208]
               in      0.0000   0.0000   --      --      --         
random_masks[209]
               in      0.0000   0.0000   --      --      --         
random_masks[210]
               in      0.0000   0.0000   --      --      --         
random_masks[211]
               in      0.0000   0.0000   --      --      --         
random_masks[212]
               in      0.0000   0.0000   --      --      --         
random_masks[213]
               in      0.0000   0.0000   --      --      --         
random_masks[214]
               in      0.0000   0.0000   --      --      --         
random_masks[215]
               in      0.0000   0.0000   --      --      --         
random_masks[216]
               in      0.0000   0.0000   --      --      --         
random_masks[217]
               in      0.0000   0.0000   --      --      --         
random_masks[218]
               in      0.0000   0.0000   --      --      --         
random_masks[219]
               in      0.0000   0.0000   --      --      --         
random_masks[220]
               in      0.0000   0.0000   --      --      --         
random_masks[221]
               in      0.0000   0.0000   --      --      --         
random_masks[222]
               in      0.0000   0.0000   --      --      --         
random_masks[223]
               in      0.0000   0.0000   --      --      --         
random_masks[224]
               in      0.0000   0.0000   --      --      --         
random_masks[225]
               in      0.0000   0.0000   --      --      --         
random_masks[226]
               in      0.0000   0.0000   --      --      --         
random_masks[227]
               in      0.0000   0.0000   --      --      --         
random_masks[228]
               in      0.0000   0.0000   --      --      --         
random_masks[229]
               in      0.0000   0.0000   --      --      --         
random_masks[230]
               in      0.0000   0.0000   --      --      --         
random_masks[231]
               in      0.0000   0.0000   --      --      --         
random_masks[232]
               in      0.0000   0.0000   --      --      --         
random_masks[233]
               in      0.0000   0.0000   --      --      --         
random_masks[234]
               in      0.0000   0.0000   --      --      --         
random_masks[235]
               in      0.0000   0.0000   --      --      --         
random_masks[236]
               in      0.0000   0.0000   --      --      --         
random_masks[237]
               in      0.0000   0.0000   --      --      --         
random_masks[238]
               in      0.0000   0.0000   --      --      --         
random_masks[239]
               in      0.0000   0.0000   --      --      --         
random_masks[240]
               in      0.0000   0.0000   --      --      --         
random_masks[241]
               in      0.0000   0.0000   --      --      --         
random_masks[242]
               in      0.0000   0.0000   --      --      --         
random_masks[243]
               in      0.0000   0.0000   --      --      --         
random_masks[244]
               in      0.0000   0.0000   --      --      --         
random_masks[245]
               in      0.0000   0.0000   --      --      --         
random_masks[246]
               in      0.0000   0.0000   --      --      --         
random_masks[247]
               in      0.0000   0.0000   --      --      --         
random_masks[248]
               in      0.0000   0.0000   --      --      --         
random_masks[249]
               in      0.0000   0.0000   --      --      --         
random_masks[250]
               in      0.0000   0.0000   --      --      --         
random_masks[251]
               in      0.0000   0.0000   --      --      --         
random_masks[252]
               in      0.0000   0.0000   --      --      --         
random_masks[253]
               in      0.0000   0.0000   --      --      --         
random_masks[254]
               in      0.0000   0.0000   --      --      --         
random_masks[255]
               in      0.0000   0.0000   --      --      --         
random_masks[256]
               in      0.0000   0.0000   --      --      --         
random_masks[257]
               in      0.0000   0.0000   --      --      --         
random_masks[258]
               in      0.0000   0.0000   --      --      --         
random_masks[259]
               in      0.0000   0.0000   --      --      --         
random_masks[260]
               in      0.0000   0.0000   --      --      --         
random_masks[261]
               in      0.0000   0.0000   --      --      --         
random_masks[262]
               in      0.0000   0.0000   --      --      --         
random_masks[263]
               in      0.0000   0.0000   --      --      --         
random_masks[264]
               in      0.0000   0.0000   --      --      --         
random_masks[265]
               in      0.0000   0.0000   --      --      --         
random_masks[266]
               in      0.0000   0.0000   --      --      --         
random_masks[267]
               in      0.0000   0.0000   --      --      --         
random_masks[268]
               in      0.0000   0.0000   --      --      --         
random_masks[269]
               in      0.0000   0.0000   --      --      --         
random_masks[270]
               in      0.0000   0.0000   --      --      --         
random_masks[271]
               in      0.0000   0.0000   --      --      --         
random_masks[272]
               in      0.0000   0.0000   --      --      --         
random_masks[273]
               in      0.0000   0.0000   --      --      --         
random_masks[274]
               in      0.0000   0.0000   --      --      --         
random_masks[275]
               in      0.0000   0.0000   --      --      --         
random_masks[276]
               in      0.0000   0.0000   --      --      --         
random_masks[277]
               in      0.0000   0.0000   --      --      --         
random_masks[278]
               in      0.0000   0.0000   --      --      --         
random_masks[279]
               in      0.0000   0.0000   --      --      --         
random_masks[280]
               in      0.0000   0.0000   --      --      --         
random_masks[281]
               in      0.0000   0.0000   --      --      --         
random_masks[282]
               in      0.0000   0.0000   --      --      --         
random_masks[283]
               in      0.0000   0.0000   --      --      --         
random_masks[284]
               in      0.0000   0.0000   --      --      --         
random_masks[285]
               in      0.0000   0.0000   --      --      --         
random_masks[286]
               in      0.0000   0.0000   --      --      --         
random_masks[287]
               in      0.0000   0.0000   --      --      --         
random_masks[288]
               in      0.0000   0.0000   --      --      --         
random_masks[289]
               in      0.0000   0.0000   --      --      --         
random_masks[290]
               in      0.0000   0.0000   --      --      --         
random_masks[291]
               in      0.0000   0.0000   --      --      --         
random_masks[292]
               in      0.0000   0.0000   --      --      --         
random_masks[293]
               in      0.0000   0.0000   --      --      --         
random_masks[294]
               in      0.0000   0.0000   --      --      --         
random_masks[295]
               in      0.0000   0.0000   --      --      --         
random_masks[296]
               in      0.0000   0.0000   --      --      --         
random_masks[297]
               in      0.0000   0.0000   --      --      --         
random_masks[298]
               in      0.0000   0.0000   --      --      --         
random_masks[299]
               in      0.0000   0.0000   --      --      --         
random_masks_sbox[0]
               in      0.0000   0.0000   --      --      --         
random_masks_sbox[1]
               in      0.0000   0.0000   --      --      --         
random_masks_sbox[2]
               in      0.0000   0.0000   --      --      --         
random_masks_sbox[3]
               in      0.0000   0.0000   --      --      --         
random_masks_sbox[4]
               in      0.0000   0.0000   --      --      --         
random_masks_sbox[5]
               in      0.0000   0.0000   --      --      --         
random_masks_sbox[6]
               in      0.0000   0.0000   --      --      --         
random_masks_sbox[7]
               in      0.0000   0.0000   --      --      --         
random_masks_sbox[8]
               in      0.0000   0.0000   --      --      --         
random_masks_sbox[9]
               in      0.0000   0.0000   --      --      --         
random_masks_sbox[10]
               in      0.0000   0.0000   --      --      --         
random_masks_sbox[11]
               in      0.0000   0.0000   --      --      --         
random_masks_sbox[12]
               in      0.0000   0.0000   --      --      --         
random_masks_sbox[13]
               in      0.0000   0.0000   --      --      --         
random_masks_sbox[14]
               in      0.0000   0.0000   --      --      --         
random_masks_sbox[15]
               in      0.0000   0.0000   --      --      --         
random_masks_sbox[16]
               in      0.0000   0.0000   --      --      --         
random_masks_sbox[17]
               in      0.0000   0.0000   --      --      --         
random_masks_sbox[18]
               in      0.0000   0.0000   --      --      --         
random_masks_sbox[19]
               in      0.0000   0.0000   --      --      --         
random_masks_sbox[20]
               in      0.0000   0.0000   --      --      --         
random_masks_sbox[21]
               in      0.0000   0.0000   --      --      --         
random_masks_sbox[22]
               in      0.0000   0.0000   --      --      --         
random_masks_sbox[23]
               in      0.0000   0.0000   --      --      --         
random_masks_sbox[24]
               in      0.0000   0.0000   --      --      --         
random_masks_sbox[25]
               in      0.0000   0.0000   --      --      --         
random_masks_sbox[26]
               in      0.0000   0.0000   --      --      --         
random_masks_sbox[27]
               in      0.0000   0.0000   --      --      --         
random_masks_sbox[28]
               in      0.0000   0.0000   --      --      --         
random_masks_sbox[29]
               in      0.0000   0.0000   --      --      --         
random_masks_sbox[30]
               in      0.0000   0.0000   --      --      --         
random_masks_sbox[31]
               in      0.0000   0.0000   --      --      --         
random_masks_sbox[32]
               in      0.0000   0.0000   --      --      --         
random_masks_sbox[33]
               in      0.0000   0.0000   --      --      --         
random_masks_sbox[34]
               in      0.0000   0.0000   --      --      --         
random_masks_sbox[35]
               in      0.0000   0.0000   --      --      --         
random_masks_sbox[36]
               in      0.0000   0.0000   --      --      --         
random_masks_sbox[37]
               in      0.0000   0.0000   --      --      --         
random_masks_sbox[38]
               in      0.0000   0.0000   --      --      --         
random_masks_sbox[39]
               in      0.0000   0.0000   --      --      --         
random_masks_sbox[40]
               in      0.0000   0.0000   --      --      --         
random_masks_sbox[41]
               in      0.0000   0.0000   --      --      --         
random_masks_sbox[42]
               in      0.0000   0.0000   --      --      --         
random_masks_sbox[43]
               in      0.0000   0.0000   --      --      --         
random_masks_sbox[44]
               in      0.0000   0.0000   --      --      --         
random_masks_sbox[45]
               in      0.0000   0.0000   --      --      --         
random_masks_sbox[46]
               in      0.0000   0.0000   --      --      --         
random_masks_sbox[47]
               in      0.0000   0.0000   --      --      --         
random_masks_sbox[48]
               in      0.0000   0.0000   --      --      --         
random_masks_sbox[49]
               in      0.0000   0.0000   --      --      --         
random_masks_sbox[50]
               in      0.0000   0.0000   --      --      --         
random_masks_sbox[51]
               in      0.0000   0.0000   --      --      --         
random_masks_sbox[52]
               in      0.0000   0.0000   --      --      --         
random_masks_sbox[53]
               in      0.0000   0.0000   --      --      --         
random_masks_sbox[54]
               in      0.0000   0.0000   --      --      --         
reset_n        in      0.0000   0.0000   --      --      --         
start          in      0.0000   0.0000   --      --      --         
valid_bytes[0] in      0.0000   0.0000   --      --      --         
valid_bytes[1] in      0.0000   0.0000   --      --      --         
valid_bytes[2] in      0.0000   0.0000   --      --      --         
valid_bytes[3] in      0.0000   0.0000   --      --      --         
valid_bytes[4] in      0.0000   0.0000   --      --      --         
valid_data_in  in      0.0000   0.0000   --      --      --         
ciphertext[0]  out     0.0000   0.0000   --      --      --         
ciphertext[1]  out     0.0000   0.0000   --      --      --         
ciphertext[2]  out     0.0000   0.0000   --      --      --         
ciphertext[3]  out     0.0000   0.0000   --      --      --         
ciphertext[4]  out     0.0000   0.0000   --      --      --         
ciphertext[5]  out     0.0000   0.0000   --      --      --         
ciphertext[6]  out     0.0000   0.0000   --      --      --         
ciphertext[7]  out     0.0000   0.0000   --      --      --         
ciphertext[8]  out     0.0000   0.0000   --      --      --         
ciphertext[9]  out     0.0000   0.0000   --      --      --         
ciphertext[10] out     0.0000   0.0000   --      --      --         
ciphertext[11] out     0.0000   0.0000   --      --      --         
ciphertext[12] out     0.0000   0.0000   --      --      --         
ciphertext[13] out     0.0000   0.0000   --      --      --         
ciphertext[14] out     0.0000   0.0000   --      --      --         
ciphertext[15] out     0.0000   0.0000   --      --      --         
ciphertext[16] out     0.0000   0.0000   --      --      --         
ciphertext[17] out     0.0000   0.0000   --      --      --         
ciphertext[18] out     0.0000   0.0000   --      --      --         
ciphertext[19] out     0.0000   0.0000   --      --      --         
ciphertext[20] out     0.0000   0.0000   --      --      --         
ciphertext[21] out     0.0000   0.0000   --      --      --         
ciphertext[22] out     0.0000   0.0000   --      --      --         
ciphertext[23] out     0.0000   0.0000   --      --      --         
ciphertext[24] out     0.0000   0.0000   --      --      --         
ciphertext[25] out     0.0000   0.0000   --      --      --         
ciphertext[26] out     0.0000   0.0000   --      --      --         
ciphertext[27] out     0.0000   0.0000   --      --      --         
ciphertext[28] out     0.0000   0.0000   --      --      --         
ciphertext[29] out     0.0000   0.0000   --      --      --         
ciphertext[30] out     0.0000   0.0000   --      --      --         
ciphertext[31] out     0.0000   0.0000   --      --      --         
ciphertext[32] out     0.0000   0.0000   --      --      --         
ciphertext[33] out     0.0000   0.0000   --      --      --         
ciphertext[34] out     0.0000   0.0000   --      --      --         
ciphertext[35] out     0.0000   0.0000   --      --      --         
ciphertext[36] out     0.0000   0.0000   --      --      --         
ciphertext[37] out     0.0000   0.0000   --      --      --         
ciphertext[38] out     0.0000   0.0000   --      --      --         
ciphertext[39] out     0.0000   0.0000   --      --      --         
ciphertext[40] out     0.0000   0.0000   --      --      --         
ciphertext[41] out     0.0000   0.0000   --      --      --         
ciphertext[42] out     0.0000   0.0000   --      --      --         
ciphertext[43] out     0.0000   0.0000   --      --      --         
ciphertext[44] out     0.0000   0.0000   --      --      --         
ciphertext[45] out     0.0000   0.0000   --      --      --         
ciphertext[46] out     0.0000   0.0000   --      --      --         
ciphertext[47] out     0.0000   0.0000   --      --      --         
ciphertext[48] out     0.0000   0.0000   --      --      --         
ciphertext[49] out     0.0000   0.0000   --      --      --         
ciphertext[50] out     0.0000   0.0000   --      --      --         
ciphertext[51] out     0.0000   0.0000   --      --      --         
ciphertext[52] out     0.0000   0.0000   --      --      --         
ciphertext[53] out     0.0000   0.0000   --      --      --         
ciphertext[54] out     0.0000   0.0000   --      --      --         
ciphertext[55] out     0.0000   0.0000   --      --      --         
ciphertext[56] out     0.0000   0.0000   --      --      --         
ciphertext[57] out     0.0000   0.0000   --      --      --         
ciphertext[58] out     0.0000   0.0000   --      --      --         
ciphertext[59] out     0.0000   0.0000   --      --      --         
ciphertext[60] out     0.0000   0.0000   --      --      --         
ciphertext[61] out     0.0000   0.0000   --      --      --         
ciphertext[62] out     0.0000   0.0000   --      --      --         
ciphertext[63] out     0.0000   0.0000   --      --      --         
ciphertext[64] out     0.0000   0.0000   --      --      --         
ciphertext[65] out     0.0000   0.0000   --      --      --         
ciphertext[66] out     0.0000   0.0000   --      --      --         
ciphertext[67] out     0.0000   0.0000   --      --      --         
ciphertext[68] out     0.0000   0.0000   --      --      --         
ciphertext[69] out     0.0000   0.0000   --      --      --         
ciphertext[70] out     0.0000   0.0000   --      --      --         
ciphertext[71] out     0.0000   0.0000   --      --      --         
ciphertext[72] out     0.0000   0.0000   --      --      --         
ciphertext[73] out     0.0000   0.0000   --      --      --         
ciphertext[74] out     0.0000   0.0000   --      --      --         
ciphertext[75] out     0.0000   0.0000   --      --      --         
ciphertext[76] out     0.0000   0.0000   --      --      --         
ciphertext[77] out     0.0000   0.0000   --      --      --         
ciphertext[78] out     0.0000   0.0000   --      --      --         
ciphertext[79] out     0.0000   0.0000   --      --      --         
ciphertext[80] out     0.0000   0.0000   --      --      --         
ciphertext[81] out     0.0000   0.0000   --      --      --         
ciphertext[82] out     0.0000   0.0000   --      --      --         
ciphertext[83] out     0.0000   0.0000   --      --      --         
ciphertext[84] out     0.0000   0.0000   --      --      --         
ciphertext[85] out     0.0000   0.0000   --      --      --         
ciphertext[86] out     0.0000   0.0000   --      --      --         
ciphertext[87] out     0.0000   0.0000   --      --      --         
ciphertext[88] out     0.0000   0.0000   --      --      --         
ciphertext[89] out     0.0000   0.0000   --      --      --         
ciphertext[90] out     0.0000   0.0000   --      --      --         
ciphertext[91] out     0.0000   0.0000   --      --      --         
ciphertext[92] out     0.0000   0.0000   --      --      --         
ciphertext[93] out     0.0000   0.0000   --      --      --         
ciphertext[94] out     0.0000   0.0000   --      --      --         
ciphertext[95] out     0.0000   0.0000   --      --      --         
ciphertext[96] out     0.0000   0.0000   --      --      --         
ciphertext[97] out     0.0000   0.0000   --      --      --         
ciphertext[98] out     0.0000   0.0000   --      --      --         
ciphertext[99] out     0.0000   0.0000   --      --      --         
ciphertext[100]
               out     0.0000   0.0000   --      --      --         
ciphertext[101]
               out     0.0000   0.0000   --      --      --         
ciphertext[102]
               out     0.0000   0.0000   --      --      --         
ciphertext[103]
               out     0.0000   0.0000   --      --      --         
ciphertext[104]
               out     0.0000   0.0000   --      --      --         
ciphertext[105]
               out     0.0000   0.0000   --      --      --         
ciphertext[106]
               out     0.0000   0.0000   --      --      --         
ciphertext[107]
               out     0.0000   0.0000   --      --      --         
ciphertext[108]
               out     0.0000   0.0000   --      --      --         
ciphertext[109]
               out     0.0000   0.0000   --      --      --         
ciphertext[110]
               out     0.0000   0.0000   --      --      --         
ciphertext[111]
               out     0.0000   0.0000   --      --      --         
ciphertext[112]
               out     0.0000   0.0000   --      --      --         
ciphertext[113]
               out     0.0000   0.0000   --      --      --         
ciphertext[114]
               out     0.0000   0.0000   --      --      --         
ciphertext[115]
               out     0.0000   0.0000   --      --      --         
ciphertext[116]
               out     0.0000   0.0000   --      --      --         
ciphertext[117]
               out     0.0000   0.0000   --      --      --         
ciphertext[118]
               out     0.0000   0.0000   --      --      --         
ciphertext[119]
               out     0.0000   0.0000   --      --      --         
ciphertext[120]
               out     0.0000   0.0000   --      --      --         
ciphertext[121]
               out     0.0000   0.0000   --      --      --         
ciphertext[122]
               out     0.0000   0.0000   --      --      --         
ciphertext[123]
               out     0.0000   0.0000   --      --      --         
ciphertext[124]
               out     0.0000   0.0000   --      --      --         
ciphertext[125]
               out     0.0000   0.0000   --      --      --         
ciphertext[126]
               out     0.0000   0.0000   --      --      --         
ciphertext[127]
               out     0.0000   0.0000   --      --      --         
ciphertext_valid
               out     0.0000   0.0000   --      --      --         
done           out     0.0000   0.0000   --      --      --         
extra_padding_ff
               out     0.0000   0.0000   --      --      --         
ready_for_data out     0.0000   0.0000   --      --      --         
ready_tag      out     0.0000   0.0000   --      --      --         
tag1[0]        out     0.0000   0.0000   --      --      --         
tag1[1]        out     0.0000   0.0000   --      --      --         
tag1[2]        out     0.0000   0.0000   --      --      --         
tag1[3]        out     0.0000   0.0000   --      --      --         
tag1[4]        out     0.0000   0.0000   --      --      --         
tag1[5]        out     0.0000   0.0000   --      --      --         
tag1[6]        out     0.0000   0.0000   --      --      --         
tag1[7]        out     0.0000   0.0000   --      --      --         
tag1[8]        out     0.0000   0.0000   --      --      --         
tag1[9]        out     0.0000   0.0000   --      --      --         
tag1[10]       out     0.0000   0.0000   --      --      --         
tag1[11]       out     0.0000   0.0000   --      --      --         
tag1[12]       out     0.0000   0.0000   --      --      --         
tag1[13]       out     0.0000   0.0000   --      --      --         
tag1[14]       out     0.0000   0.0000   --      --      --         
tag1[15]       out     0.0000   0.0000   --      --      --         
tag1[16]       out     0.0000   0.0000   --      --      --         
tag1[17]       out     0.0000   0.0000   --      --      --         
tag1[18]       out     0.0000   0.0000   --      --      --         
tag1[19]       out     0.0000   0.0000   --      --      --         
tag1[20]       out     0.0000   0.0000   --      --      --         
tag1[21]       out     0.0000   0.0000   --      --      --         
tag1[22]       out     0.0000   0.0000   --      --      --         
tag1[23]       out     0.0000   0.0000   --      --      --         
tag1[24]       out     0.0000   0.0000   --      --      --         
tag1[25]       out     0.0000   0.0000   --      --      --         
tag1[26]       out     0.0000   0.0000   --      --      --         
tag1[27]       out     0.0000   0.0000   --      --      --         
tag1[28]       out     0.0000   0.0000   --      --      --         
tag1[29]       out     0.0000   0.0000   --      --      --         
tag1[30]       out     0.0000   0.0000   --      --      --         
tag1[31]       out     0.0000   0.0000   --      --      --         
tag1[32]       out     0.0000   0.0000   --      --      --         
tag1[33]       out     0.0000   0.0000   --      --      --         
tag1[34]       out     0.0000   0.0000   --      --      --         
tag1[35]       out     0.0000   0.0000   --      --      --         
tag1[36]       out     0.0000   0.0000   --      --      --         
tag1[37]       out     0.0000   0.0000   --      --      --         
tag1[38]       out     0.0000   0.0000   --      --      --         
tag1[39]       out     0.0000   0.0000   --      --      --         
tag1[40]       out     0.0000   0.0000   --      --      --         
tag1[41]       out     0.0000   0.0000   --      --      --         
tag1[42]       out     0.0000   0.0000   --      --      --         
tag1[43]       out     0.0000   0.0000   --      --      --         
tag1[44]       out     0.0000   0.0000   --      --      --         
tag1[45]       out     0.0000   0.0000   --      --      --         
tag1[46]       out     0.0000   0.0000   --      --      --         
tag1[47]       out     0.0000   0.0000   --      --      --         
tag1[48]       out     0.0000   0.0000   --      --      --         
tag1[49]       out     0.0000   0.0000   --      --      --         
tag1[50]       out     0.0000   0.0000   --      --      --         
tag1[51]       out     0.0000   0.0000   --      --      --         
tag1[52]       out     0.0000   0.0000   --      --      --         
tag1[53]       out     0.0000   0.0000   --      --      --         
tag1[54]       out     0.0000   0.0000   --      --      --         
tag1[55]       out     0.0000   0.0000   --      --      --         
tag1[56]       out     0.0000   0.0000   --      --      --         
tag1[57]       out     0.0000   0.0000   --      --      --         
tag1[58]       out     0.0000   0.0000   --      --      --         
tag1[59]       out     0.0000   0.0000   --      --      --         
tag1[60]       out     0.0000   0.0000   --      --      --         
tag1[61]       out     0.0000   0.0000   --      --      --         
tag1[62]       out     0.0000   0.0000   --      --      --         
tag1[63]       out     0.0000   0.0000   --      --      --         
tag2[0]        out     0.0000   0.0000   --      --      --         
tag2[1]        out     0.0000   0.0000   --      --      --         
tag2[2]        out     0.0000   0.0000   --      --      --         
tag2[3]        out     0.0000   0.0000   --      --      --         
tag2[4]        out     0.0000   0.0000   --      --      --         
tag2[5]        out     0.0000   0.0000   --      --      --         
tag2[6]        out     0.0000   0.0000   --      --      --         
tag2[7]        out     0.0000   0.0000   --      --      --         
tag2[8]        out     0.0000   0.0000   --      --      --         
tag2[9]        out     0.0000   0.0000   --      --      --         
tag2[10]       out     0.0000   0.0000   --      --      --         
tag2[11]       out     0.0000   0.0000   --      --      --         
tag2[12]       out     0.0000   0.0000   --      --      --         
tag2[13]       out     0.0000   0.0000   --      --      --         
tag2[14]       out     0.0000   0.0000   --      --      --         
tag2[15]       out     0.0000   0.0000   --      --      --         
tag2[16]       out     0.0000   0.0000   --      --      --         
tag2[17]       out     0.0000   0.0000   --      --      --         
tag2[18]       out     0.0000   0.0000   --      --      --         
tag2[19]       out     0.0000   0.0000   --      --      --         
tag2[20]       out     0.0000   0.0000   --      --      --         
tag2[21]       out     0.0000   0.0000   --      --      --         
tag2[22]       out     0.0000   0.0000   --      --      --         
tag2[23]       out     0.0000   0.0000   --      --      --         
tag2[24]       out     0.0000   0.0000   --      --      --         
tag2[25]       out     0.0000   0.0000   --      --      --         
tag2[26]       out     0.0000   0.0000   --      --      --         
tag2[27]       out     0.0000   0.0000   --      --      --         
tag2[28]       out     0.0000   0.0000   --      --      --         
tag2[29]       out     0.0000   0.0000   --      --      --         
tag2[30]       out     0.0000   0.0000   --      --      --         
tag2[31]       out     0.0000   0.0000   --      --      --         
tag2[32]       out     0.0000   0.0000   --      --      --         
tag2[33]       out     0.0000   0.0000   --      --      --         
tag2[34]       out     0.0000   0.0000   --      --      --         
tag2[35]       out     0.0000   0.0000   --      --      --         
tag2[36]       out     0.0000   0.0000   --      --      --         
tag2[37]       out     0.0000   0.0000   --      --      --         
tag2[38]       out     0.0000   0.0000   --      --      --         
tag2[39]       out     0.0000   0.0000   --      --      --         
tag2[40]       out     0.0000   0.0000   --      --      --         
tag2[41]       out     0.0000   0.0000   --      --      --         
tag2[42]       out     0.0000   0.0000   --      --      --         
tag2[43]       out     0.0000   0.0000   --      --      --         
tag2[44]       out     0.0000   0.0000   --      --      --         
tag2[45]       out     0.0000   0.0000   --      --      --         
tag2[46]       out     0.0000   0.0000   --      --      --         
tag2[47]       out     0.0000   0.0000   --      --      --         
tag2[48]       out     0.0000   0.0000   --      --      --         
tag2[49]       out     0.0000   0.0000   --      --      --         
tag2[50]       out     0.0000   0.0000   --      --      --         
tag2[51]       out     0.0000   0.0000   --      --      --         
tag2[52]       out     0.0000   0.0000   --      --      --         
tag2[53]       out     0.0000   0.0000   --      --      --         
tag2[54]       out     0.0000   0.0000   --      --      --         
tag2[55]       out     0.0000   0.0000   --      --      --         
tag2[56]       out     0.0000   0.0000   --      --      --         
tag2[57]       out     0.0000   0.0000   --      --      --         
tag2[58]       out     0.0000   0.0000   --      --      --         
tag2[59]       out     0.0000   0.0000   --      --      --         
tag2[60]       out     0.0000   0.0000   --      --      --         
tag2[61]       out     0.0000   0.0000   --      --      --         
tag2[62]       out     0.0000   0.0000   --      --      --         
tag2[63]       out     0.0000   0.0000   --      --      --         

1
