 
****************************************
Report : timing
        -path full
        -delay max
        -max_paths 1
Design : ascon_top
Version: R-2020.09-SP2
Date   : Wed Jun  4 17:38:41 2025
****************************************

 # A fanout number of 1000 was used for high fanout net computations.

Operating Conditions: NCCOM   Library: tcbn65lplvttc
Wire Load Model Mode: segmented

  Startpoint: gen_unsupported.gen_sbox[2].u_sbox/and_result_reg_reg[2][3][6]
              (rising edge-triggered flip-flop clocked by clk)
  Endpoint: state_reg/state_reg[3][60]
            (rising edge-triggered flip-flop clocked by clk)
  Path Group: clk
  Path Type: max

  Des/Clust/Port     Wire Load Model       Library
  ------------------------------------------------
  register_0         ZeroWireload          tcbn65lplvttc
  ascon_sbox_d2_4    ZeroWireload          tcbn65lplvttc
  ascon_sbox_d2_3    ZeroWireload          tcbn65lplvttc
  ascon_sbox_d2_2    ZeroWireload          tcbn65lplvttc
  ascon_sbox_d2_1    ZeroWireload          tcbn65lplvttc
  ascon_sbox_d2_0    ZeroWireload          tcbn65lplvttc
  ascon_sbox_d2_5    ZeroWireload          tcbn65lplvttc
  register_1         ZeroWireload          tcbn65lplvttc
  state_register     ZeroWireload          tcbn65lplvttc
  ascon_top          ZeroWireload          tcbn65lplvttc
  fsm                ZeroWireload          tcbn65lplvttc

  Point                                                   Incr       Path
  --------------------------------------------------------------------------
  clock clk (rise edge)                                   0.00       0.00
  clock network delay (ideal)                             0.00       0.00
  gen_unsupported.gen_sbox[2].u_sbox/and_result_reg_reg[2][3][6]/CP (DFXQD1LVT)
                                                          0.00 #     0.00 r
  gen_unsupported.gen_sbox[2].u_sbox/and_result_reg_reg[2][3][6]/Q (DFXQD1LVT)
                                                          0.10       0.10 f
  gen_unsupported.gen_sbox[2].u_sbox/U615/ZN (XNR4D1LVT)
                                                          0.12       0.22 f
  gen_unsupported.gen_sbox[2].u_sbox/U18/ZN (XNR4D0LVT)
                                                          0.12       0.33 r
  gen_unsupported.gen_sbox[2].u_sbox/U616/ZN (XNR3D0LVT)
                                                          0.08       0.41 r
  gen_unsupported.gen_sbox[2].u_sbox/U617/ZN (XNR3D0LVT)
                                                          0.08       0.49 f
  gen_unsupported.gen_sbox[2].u_sbox/x_out[25] (ascon_sbox_d2_3)
                                                          0.00       0.49 f
  U6543/ZN (MUX2ND0LVT)                                   0.06       0.55 r
  U6546/ZN (XNR4D1LVT)                                    0.14       0.69 r
  U4116/ZN (XNR4D0LVT)                                    0.13       0.83 r
  U6570/Z (CKXOR2D1LVT)                                   0.07       0.90 r
  state_reg/in_shifted_1bit[20] (state_register)          0.00       0.90 r
  state_reg/U168/ZN (ND2D0LVT)                            0.03       0.92 f
  state_reg/U990/Z (AN3XD1LVT)                            0.04       0.96 f
  state_reg/U991/ZN (ND2D1LVT)                            0.02       0.98 r
  state_reg/state_reg[3][60]/D (DFQD1LVT)                 0.00       0.98 r
  data arrival time                                                  0.98

  clock clk (rise edge)                                   1.00       1.00
  clock network delay (ideal)                             0.00       1.00
  state_reg/state_reg[3][60]/CP (DFQD1LVT)                0.00       1.00 r
  library setup time                                     -0.02       0.98
  data required time                                                 0.98
  --------------------------------------------------------------------------
  data required time                                                 0.98
  data arrival time                                                 -0.98
  --------------------------------------------------------------------------
  slack (MET)                                                        0.00


1
